<?xml version="1.0" encoding="utf-8"?>
<Map xmlns:xsd="http://www.w3.org/2001/XMLSchema" xmlns:xsi="http://www.w3.org/2001/XMLSchema-instance" xsi:nil="true" />
  <Factories>
    <MapFactory>
      <Guid>00000000-0000-0000-0000-000000000000</Guid>
      <Transform>
        <Translation X="0" Y="0" Z="0" />
        
        <Scaling>1</Scaling>
        <Visible>false</Visible>
        <Frozen>false</Frozen>
      </Transform>
      <Factory xsi:type="WorldspawnFactory">
        <Gravity>16</Gravity>
        <SkyTrubidity>2</SkyTrubidity>
        <SunPosition X="1" Y="1" Z="1" />
        <SunIntensity>100</SunIntensity>
        <FogDensity>0.001</FogDensity>
      </Factory>
    </MapFactory>
    <MapFactory>
      <Guid>00000000-0000-0000-0000-000000000000</Guid>
      <Transform>
        <Translation X="0" Y="0" Z="0" />
        
        <Scaling>1</Scaling>
        <Visible>false</Visible>
        <Frozen>false</Frozen>
      </Transform>
      <Factory xsi:type="StartPointFactory">
        <StartPointType>SinglePlayer</StartPointType>
      </Factory>
    </MapFactory>
    <MapFactory>
      <Guid>00000000-0000-0000-0000-000000000000</Guid>
      <Transform>
        <Translation X="0" Y="0" Z="0" />
        
        <Scaling>1</Scaling>
        <Visible>false</Visible>
        <Frozen>false</Frozen>
      </Transform>
      <Factory xsi:type="StartPointFactory">
        <StartPointType>IntermissionCamera</StartPointType>
      </Factory>
    </MapFactory>
    <MapFactory>
      <Guid>00000000-0000-0000-0000-000000000000</Guid>
      <Transform>
        <Translation X="0" Y="0" Z="0" />
        
        <Scaling>1</Scaling>
        <Visible>false</Visible>
        <Frozen>false</Frozen>
      </Transform>
      <Factory xsi:type="StaticModelFactory">
        <Visible>true</Visible>
        <Collidable>true</Collidable>
      </Factory>
    </MapFactory>
    <MapFactory>
      <Guid>00000000-0000-0000-0000-000000000000</Guid>
      <Transform>
        <Translation X="0" Y="0" Z="0" />
        
        <Scaling>1</Scaling>
        <Visible>false</Visible>
        <Frozen>false</Frozen>
      </Transform>
      <Factory xsi:type="StaticModelFactory">
        <Visible>true</Visible>
        <Collidable>true</Collidable>
      </Factory>
    </MapFactory>
    <MapFactory>
      <Guid>00000000-0000-0000-0000-000000000000</Guid>
      <Transform>
        <Translation X="0" Y="0" Z="0" />
        
        <Scaling>1</Scaling>
        <Visible>false</Visible>
        <Frozen>false</Frozen>
      </Transform>
      <Factory xsi:type="StaticModelFactory">
        <Visible>true</Visible>
        <Collidable>true</Collidable>
      </Factory>
    </MapFactory>
    <MapFactory>
      <Guid>00000000-0000-0000-0000-000000000000</Guid>
      <Transform>
        <Translation X="0" Y="0" Z="0" />
        
        <Scaling>1</Scaling>
        <Visible>false</Visible>
        <Frozen>false</Frozen>
      </Transform>
      <Factory xsi:type="StaticModelFactory">
        <Visible>true</Visible>
        <Collidable>true</Collidable>
      </Factory>
    </MapFactory>
    <MapFactory>
      <Guid>00000000-0000-0000-0000-000000000000</Guid>
      <Transform>
        <Translation X="0" Y="0" Z="0" />
        <Scaling>1</Scaling>
        <Visible>false</Visible>
        <Frozen>false</Frozen>
      </Transform>
      <Factory xsi:type="StaticModelFactory">
        <Visible>true</Visible>
        <Collidable>true</Collidable>
      </Factory>
    </MapFactory>
    <MapFactory>
      <Guid>00000000-0000-0000-0000-000000000000</Guid>
      <Transform>
        <Translation X="0" Y="0" Z="0" />
        <Scaling>1</Scaling>
        <Visible>false</Visible>
        <Frozen>false</Frozen>
      </Transform>
      <Factory xsi:type="StaticModelFactory">
        <Visible>true</Visible>
        <Collidable>true</Collidable>
      </Factory>
    </MapFactory>
    <MapFactory>
      <Guid>00000000-0000-0000-0000-000000000000</Guid>
      <Transform>
        <Translation X="0" Y="0" Z="0" />
        
        <Scaling>1</Scaling>
        <Visible>false</Visible>
        <Frozen>false</Frozen>
      </Transform>
      <Factory xsi:type="StaticModelFactory">
        <Visible>true</Visible>
        <Collidable>true</Collidable>
      </Factory>
    </MapFactory>
    <MapFactory>
      <Guid>00000000-0000-0000-0000-000000000000</Guid>
      <Transform>
        <Translation X="0" Y="0" Z="0" />
        
        <Scaling>1</Scaling>
        <Visible>false</Visible>
        <Frozen>false</Frozen>
      </Transform>
      <Factory xsi:type="StaticModelFactory">
        <Visible>true</Visible>
        <Collidable>true</Collidable>
      </Factory>
    </MapFactory>
    <MapFactory>
      <Guid>00000000-0000-0000-0000-000000000000</Guid>
      <Transform>
        <Translation X="0" Y="0" Z="0" />
        
        <Scaling>1</Scaling>
        <Visible>false</Visible>
        <Frozen>false</Frozen>
      </Transform>
      <Factory xsi:type="StaticModelFactory">
        <Visible>true</Visible>
        <Collidable>true</Collidable>
      </Factory>
    </MapFactory>
    <MapFactory>
      <Guid>00000000-0000-0000-0000-000000000000</Guid>
      <Transform>
        <Translation X="0" Y="0" Z="0" />
        
        <Scaling>1</Scaling>
        <Visible>false</Visible>
        <Frozen>false</Frozen>
      </Transform>
      <Factory xsi:type="StaticModelFactory">
        <Visible>true</Visible>
        <Collidable>true</Collidable>
      </Factory>
    </MapFactory>
    <MapFactory>
      <Guid>00000000-0000-0000-0000-000000000000</Guid>
      <Transform>
        <Translation X="0" Y="0" Z="0" />
        
        <Scaling>1</Scaling>
        <Visible>false</Visible>
        <Frozen>false</Frozen>
      </Transform>
      <Factory xsi:type="StaticModelFactory">
        <Visible>true</Visible>
        <Collidable>true</Collidable>
      </Factory>
    </MapFactory>
    <MapFactory>
      <Guid>00000000-0000-0000-0000-000000000000</Guid>
      <Transform>
        <Translation X="0" Y="0" Z="0" />
        
        <Scaling>1</Scaling>
        <Visible>false</Visible>
        <Frozen>false</Frozen>
      </Transform>
      <Factory xsi:type="StaticModelFactory">
        <Visible>true</Visible>
        <Collidable>true</Collidable>
      </Factory>
    </MapFactory>
    <MapFactory>
      <Guid>00000000-0000-0000-0000-000000000000</Guid>
      <Transform>
        <Translation X="0" Y="0" Z="0" />
        
        <Scaling>1</Scaling>
        <Visible>false</Visible>
        <Frozen>false</Frozen>
      </Transform>
      <Factory xsi:type="StaticModelFactory">
        <Visible>true</Visible>
        <Collidable>true</Collidable>
      </Factory>
    </MapFactory>
    <MapFactory>
      <Guid>00000000-0000-0000-0000-000000000000</Guid>
      <Transform>
        <Translation X="0" Y="0" Z="0" />
        
        <Scaling>1</Scaling>
        <Visible>false</Visible>
        <Frozen>false</Frozen>
      </Transform>
      <Factory xsi:type="StaticModelFactory">
        <Visible>true</Visible>
        <Collidable>true</Collidable>
      </Factory>
    </MapFactory>
    <MapFactory>
      <Guid>00000000-0000-0000-0000-000000000000</Guid>
      <Transform>
        <Translation X="0" Y="0" Z="0" />
        
        <Scaling>1</Scaling>
        <Visible>false</Visible>
        <Frozen>false</Frozen>
      </Transform>
      <Factory xsi:type="StaticModelFactory">
        <Visible>true</Visible>
        <Collidable>true</Collidable>
      </Factory>
    </MapFactory>
    <MapFactory>
      <Guid>00000000-0000-0000-0000-000000000000</Guid>
      <Transform>
        <Translation X="0" Y="0" Z="0" />
        
        <Scaling>1</Scaling>
        <Visible>false</Visible>
        <Frozen>false</Frozen>
      </Transform>
      <Factory xsi:type="StaticModelFactory">
        <Visible>true</Visible>
        <Collidable>true</Collidable>
      </Factory>
    </MapFactory>
    <MapFactory>
      <Guid>00000000-0000-0000-0000-000000000000</Guid>
      <Transform>
        <Translation X="0" Y="0" Z="0" />
        
        <Scaling>1</Scaling>
        <Visible>false</Visible>
        <Frozen>false</Frozen>
      </Transform>
      <Factory xsi:type="StaticModelFactory">
        <Visible>true</Visible>
        <Collidable>true</Collidable>
      </Factory>
    </MapFactory>
    <MapFactory>
      <Guid>00000000-0000-0000-0000-000000000000</Guid>
      <Transform>
        <Translation X="0" Y="0" Z="0" />
        
        <Scaling>1</Scaling>
        <Visible>false</Visible>
        <Frozen>false</Frozen>
      </Transform>
      <Factory xsi:type="StaticModelFactory">
        <Visible>true</Visible>
        <Collidable>true</Collidable>
      </Factory>
    </MapFactory>
    <MapFactory>
      <Guid>00000000-0000-0000-0000-000000000000</Guid>
      <Transform>
        <Translation X="0" Y="0" Z="0" />
        
        <Scaling>1</Scaling>
        <Visible>false</Visible>
        <Frozen>false</Frozen>
      </Transform>
      <Factory xsi:type="StaticModelFactory">
        <Visible>true</Visible>
        <Collidable>true</Collidable>
      </Factory>
    </MapFactory>
    <MapFactory>
      <Guid>00000000-0000-0000-0000-000000000000</Guid>
      <Transform>
        <Translation X="0" Y="0" Z="0" />
        
        <Scaling>1</Scaling>
        <Visible>false</Visible>
        <Frozen>false</Frozen>
      </Transform>
      <Factory xsi:type="StaticModelFactory">
        <Visible>true</Visible>
        <Collidable>true</Collidable>
      </Factory>
    </MapFactory>
    <MapFactory>
      <Guid>00000000-0000-0000-0000-000000000000</Guid>
      <Transform>
        <Translation X="0" Y="0" Z="0" />
        
        <Scaling>1</Scaling>
        <Visible>false</Visible>
        <Frozen>false</Frozen>
      </Transform>
      <Factory xsi:type="StaticModelFactory">
        <Visible>true</Visible>
        <Collidable>true</Collidable>
      </Factory>
    </MapFactory>
    <MapFactory>
      <Guid>00000000-0000-0000-0000-000000000000</Guid>
      <Transform>
        <Translation X="0" Y="0" Z="0" />
        
        <Scaling>1</Scaling>
        <Visible>false</Visible>
        <Frozen>false</Frozen>
      </Transform>
      <Factory xsi:type="StaticModelFactory">
        <Visible>true</Visible>
        <Collidable>true</Collidable>
      </Factory>
    </MapFactory>
    <MapFactory>
      <Guid>00000000-0000-0000-0000-000000000000</Guid>
      <Transform>
        <Translation X="0" Y="0" Z="0" />
        
        <Scaling>1</Scaling>
        <Visible>false</Visible>
        <Frozen>false</Frozen>
      </Transform>
      <Factory xsi:type="StaticModelFactory">
        <Visible>true</Visible>
        <Collidable>true</Collidable>
      </Factory>
    </MapFactory>
    <MapFactory>
      <Guid>00000000-0000-0000-0000-000000000000</Guid>
      <Transform>
        <Translation X="0" Y="0" Z="0" />
        
        <Scaling>1</Scaling>
        <Visible>false</Visible>
        <Frozen>false</Frozen>
      </Transform>
      <Factory xsi:type="StaticModelFactory">
        <Visible>true</Visible>
        <Collidable>true</Collidable>
      </Factory>
    </MapFactory>
    <MapFactory>
      <Guid>00000000-0000-0000-0000-000000000000</Guid>
      <Transform>
        <Translation X="0" Y="0" Z="0" />
        
        <Scaling>1</Scaling>
        <Visible>false</Visible>
        <Frozen>false</Frozen>
      </Transform>
      <Factory xsi:type="StaticModelFactory">
        <Visible>true</Visible>
        <Collidable>true</Collidable>
      </Factory>
    </MapFactory>
    <MapFactory>
      <Guid>00000000-0000-0000-0000-000000000000</Guid>
      <Transform>
        <Translation X="0" Y="0" Z="0" />
        
        <Scaling>1</Scaling>
        <Visible>false</Visible>
        <Frozen>false</Frozen>
      </Transform>
      <Factory xsi:type="StaticModelFactory">
        <Visible>true</Visible>
        <Collidable>true</Collidable>
      </Factory>
    </MapFactory>
    <MapFactory>
      <Guid>00000000-0000-0000-0000-000000000000</Guid>
      <Transform>
        <Translation X="0" Y="0" Z="0" />
        
        <Scaling>1</Scaling>
        <Visible>false</Visible>
        <Frozen>false</Frozen>
      </Transform>
      <Factory xsi:type="StaticModelFactory">
        <Visible>true</Visible>
        <Collidable>true</Collidable>
      </Factory>
    </MapFactory>
    <MapFactory>
      <Guid>00000000-0000-0000-0000-000000000000</Guid>
      <Transform>
        <Translation X="0" Y="0" Z="0" />
        
        <Scaling>1</Scaling>
        <Visible>false</Visible>
        <Frozen>false</Frozen>
      </Transform>
      <Factory xsi:type="StaticModelFactory">
        <Visible>true</Visible>
        <Collidable>true</Collidable>
      </Factory>
    </MapFactory>
    <MapFactory>
      <Guid>00000000-0000-0000-0000-000000000000</Guid>
      <Transform>
        <Translation X="0" Y="0" Z="0" />
        
        <Scaling>1</Scaling>
        <Visible>false</Visible>
        <Frozen>false</Frozen>
      </Transform>
      <Factory xsi:type="StaticModelFactory">
        <Visible>true</Visible>
        <Collidable>true</Collidable>
      </Factory>
    </MapFactory>
    <MapFactory>
      <Guid>00000000-0000-0000-0000-000000000000</Guid>
      <Transform>
        <Translation X="0" Y="0" Z="0" />
        
        <Scaling>1</Scaling>
        <Visible>false</Visible>
        <Frozen>false</Frozen>
      </Transform>
      <Factory xsi:type="StaticModelFactory">
        <Visible>true</Visible>
        <Collidable>true</Collidable>
      </Factory>
    </MapFactory>
    <MapFactory>
      <Guid>00000000-0000-0000-0000-000000000000</Guid>
      <Transform>
        <Translation X="0" Y="0" Z="0" />
        
        <Scaling>1</Scaling>
        <Visible>false</Visible>
        <Frozen>false</Frozen>
      </Transform>
      <Factory xsi:type="StaticModelFactory">
        <Visible>true</Visible>
        <Collidable>true</Collidable>
      </Factory>
    </MapFactory>
    <MapFactory>
      <Guid>00000000-0000-0000-0000-000000000000</Guid>
      <Transform>
        <Translation X="0" Y="0" Z="0" />
        
        <Scaling>1</Scaling>
        <Visible>false</Visible>
        <Frozen>false</Frozen>
      </Transform>
      <Factory xsi:type="StaticModelFactory">
        <Visible>true</Visible>
        <Collidable>true</Collidable>
      </Factory>
    </MapFactory>
    <MapFactory>
      <Guid>00000000-0000-0000-0000-000000000000</Guid>
      <Transform>
        <Translation X="0" Y="0" Z="0" />
        
        <Scaling>1</Scaling>
        <Visible>false</Visible>
        <Frozen>false</Frozen>
      </Transform>
      <Factory xsi:type="StaticModelFactory">
        <Visible>true</Visible>
        <Collidable>true</Collidable>
      </Factory>
    </MapFactory>
    <MapFactory>
      <Guid>00000000-0000-0000-0000-000000000000</Guid>
      <Transform>
        <Translation X="0" Y="0" Z="0" />
        
        <Scaling>1</Scaling>
        <Visible>false</Visible>
        <Frozen>false</Frozen>
      </Transform>
      <Factory xsi:type="StaticModelFactory">
        <Visible>true</Visible>
        <Collidable>true</Collidable>
      </Factory>
    </MapFactory>
    <MapFactory>
      <Guid>00000000-0000-0000-0000-000000000000</Guid>
      <Transform>
        <Translation X="0" Y="0" Z="0" />
        
        <Scaling>1</Scaling>
        <Visible>false</Visible>
        <Frozen>false</Frozen>
      </Transform>
      <Factory xsi:type="StaticModelFactory">
        <Visible>true</Visible>
        <Collidable>true</Collidable>
      </Factory>
    </MapFactory>
    <MapFactory>
      <Guid>00000000-0000-0000-0000-000000000000</Guid>
      <Transform>
        <Translation X="0" Y="0" Z="0" />
        
        <Scaling>1</Scaling>
        <Visible>false</Visible>
        <Frozen>false</Frozen>
      </Transform>
      <Factory xsi:type="StaticModelFactory">
        <Visible>true</Visible>
        <Collidable>true</Collidable>
      </Factory>
    </MapFactory>
    <MapFactory>
      <Guid>00000000-0000-0000-0000-000000000000</Guid>
      <Transform>
        <Translation X="0" Y="0" Z="0" />
        
        <Scaling>1</Scaling>
        <Visible>false</Visible>
        <Frozen>false</Frozen>
      </Transform>
      <Factory xsi:type="StaticModelFactory">
        <Visible>true</Visible>
        <Collidable>true</Collidable>
      </Factory>
    </MapFactory>
    <MapFactory>
      <Guid>00000000-0000-0000-0000-000000000000</Guid>
      <Transform>
        <Translation X="0" Y="0" Z="0" />
        
        <Scaling>1</Scaling>
        <Visible>false</Visible>
        <Frozen>false</Frozen>
      </Transform>
      <Factory xsi:type="StaticModelFactory">
        <Visible>true</Visible>
        <Collidable>true</Collidable>
      </Factory>
    </MapFactory>
    <MapFactory>
      <Guid>00000000-0000-0000-0000-000000000000</Guid>
      <Transform>
        <Translation X="0" Y="0" Z="0" />
        
        <Scaling>1</Scaling>
        <Visible>false</Visible>
        <Frozen>false</Frozen>
      </Transform>
      <Factory xsi:type="StaticModelFactory">
        <Visible>true</Visible>
        <Collidable>true</Collidable>
      </Factory>
    </MapFactory>
    <MapFactory>
      <Guid>00000000-0000-0000-0000-000000000000</Guid>
      <Transform>
        <Translation X="0" Y="0" Z="0" />
        
        <Scaling>1</Scaling>
        <Visible>false</Visible>
        <Frozen>false</Frozen>
      </Transform>
      <Factory xsi:type="StaticModelFactory">
        <Visible>true</Visible>
        <Collidable>true</Collidable>
      </Factory>
    </MapFactory>
    <MapFactory>
      <Guid>00000000-0000-0000-0000-000000000000</Guid>
      <Transform>
        <Translation X="0" Y="0" Z="0" />
        
        <Scaling>1</Scaling>
        <Visible>false</Visible>
        <Frozen>false</Frozen>
      </Transform>
      <Factory xsi:type="StaticModelFactory">
        <Visible>true</Visible>
        <Collidable>true</Collidable>
      </Factory>
    </MapFactory>
    <MapFactory>
      <Guid>00000000-0000-0000-0000-000000000000</Guid>
      <Transform>
        <Translation X="0" Y="0" Z="0" />
        
        <Scaling>1</Scaling>
        <Visible>false</Visible>
        <Frozen>false</Frozen>
      </Transform>
      <Factory xsi:type="StaticModelFactory">
        <Visible>true</Visible>
        <Collidable>true</Collidable>
      </Factory>
    </MapFactory>
    <MapFactory>
      <Guid>00000000-0000-0000-0000-000000000000</Guid>
      <Transform>
        <Translation X="0" Y="0" Z="0" />
        
        <Scaling>1</Scaling>
        <Visible>false</Visible>
        <Frozen>false</Frozen>
      </Transform>
      <Factory xsi:type="StaticModelFactory">
        <Visible>true</Visible>
        <Collidable>true</Collidable>
      </Factory>
    </MapFactory>
    <MapFactory>
      <Guid>00000000-0000-0000-0000-000000000000</Guid>
      <Transform>
        <Translation X="0" Y="0" Z="0" />
        
        <Scaling>1</Scaling>
        <Visible>false</Visible>
        <Frozen>false</Frozen>
      </Transform>
      <Factory xsi:type="StaticModelFactory">
        <Visible>true</Visible>
        <Collidable>true</Collidable>
      </Factory>
    </MapFactory>
    <MapFactory>
      <Guid>00000000-0000-0000-0000-000000000000</Guid>
      <Transform>
        <Translation X="0" Y="0" Z="0" />
        
        <Scaling>1</Scaling>
        <Visible>false</Visible>
        <Frozen>false</Frozen>
      </Transform>
      <Factory xsi:type="StaticModelFactory">
        <Visible>true</Visible>
        <Collidable>true</Collidable>
      </Factory>
    </MapFactory>
    <MapFactory>
      <Guid>00000000-0000-0000-0000-000000000000</Guid>
      <Transform>
        <Translation X="0" Y="0" Z="0" />
        
        <Scaling>1</Scaling>
        <Visible>false</Visible>
        <Frozen>false</Frozen>
      </Transform>
      <Factory xsi:type="StaticModelFactory">
        <Visible>true</Visible>
        <Collidable>true</Collidable>
      </Factory>
    </MapFactory>
    <MapFactory>
      <Guid>00000000-0000-0000-0000-000000000000</Guid>
      <Transform>
        <Translation X="0" Y="0" Z="0" />
        
        <Scaling>1</Scaling>
        <Visible>false</Visible>
        <Frozen>false</Frozen>
      </Transform>
      <Factory xsi:type="StaticModelFactory">
        <Visible>true</Visible>
        <Collidable>true</Collidable>
      </Factory>
    </MapFactory>
    <MapFactory>
      <Guid>00000000-0000-0000-0000-000000000000</Guid>
      <Transform>
        <Translation X="0" Y="0" Z="0" />
        
        <Scaling>1</Scaling>
        <Visible>false</Visible>
        <Frozen>false</Frozen>
      </Transform>
      <Factory xsi:type="StaticModelFactory">
        <Visible>true</Visible>
        <Collidable>true</Collidable>
      </Factory>
    </MapFactory>
    <MapFactory>
      <Guid>00000000-0000-0000-0000-000000000000</Guid>
      <Transform>
        <Translation X="0" Y="0" Z="0" />
        
        <Scaling>1</Scaling>
        <Visible>false</Visible>
        <Frozen>false</Frozen>
      </Transform>
      <Factory xsi:type="StaticModelFactory">
        <Visible>true</Visible>
        <Collidable>true</Collidable>
      </Factory>
    </MapFactory>
    <MapFactory>
      <Guid>00000000-0000-0000-0000-000000000000</Guid>
      <Transform>
        <Translation X="0" Y="0" Z="0" />
        
        <Scaling>1</Scaling>
        <Visible>false</Visible>
        <Frozen>false</Frozen>
      </Transform>
      <Factory xsi:type="StaticModelFactory">
        <Visible>true</Visible>
        <Collidable>true</Collidable>
      </Factory>
    </MapFactory>
    <MapFactory>
      <Guid>00000000-0000-0000-0000-000000000000</Guid>
      <Transform>
        <Translation X="0" Y="0" Z="0" />
        
        <Scaling>1</Scaling>
        <Visible>false</Visible>
        <Frozen>false</Frozen>
      </Transform>
      <Factory xsi:type="StaticModelFactory">
        <Visible>true</Visible>
        <Collidable>true</Collidable>
      </Factory>
    </MapFactory>
    <MapFactory>
      <Guid>00000000-0000-0000-0000-000000000000</Guid>
      <Transform>
        <Translation X="0" Y="0" Z="0" />
        
        <Scaling>1</Scaling>
        <Visible>false</Visible>
        <Frozen>false</Frozen>
      </Transform>
      <Factory xsi:type="StaticModelFactory">
        <Visible>true</Visible>
        <Collidable>true</Collidable>
      </Factory>
    </MapFactory>
    <MapFactory>
      <Guid>00000000-0000-0000-0000-000000000000</Guid>
      <Transform>
        <Translation X="0" Y="0" Z="0" />
        
        <Scaling>1</Scaling>
        <Visible>false</Visible>
        <Frozen>false</Frozen>
      </Transform>
      <Factory xsi:type="StaticModelFactory">
        <Visible>true</Visible>
        <Collidable>true</Collidable>
      </Factory>
    </MapFactory>
    <MapFactory>
      <Guid>00000000-0000-0000-0000-000000000000</Guid>
      <Transform>
        <Translation X="0" Y="0" Z="0" />
        
        <Scaling>1</Scaling>
        <Visible>false</Visible>
        <Frozen>false</Frozen>
      </Transform>
      <Factory xsi:type="StaticModelFactory">
        <Visible>true</Visible>
        <Collidable>true</Collidable>
      </Factory>
    </MapFactory>
    <MapFactory>
      <Guid>00000000-0000-0000-0000-000000000000</Guid>
      <Transform>
        <Translation X="0" Y="0" Z="0" />
        
        <Scaling>1</Scaling>
        <Visible>false</Visible>
        <Frozen>false</Frozen>
      </Transform>
      <Factory xsi:type="StaticModelFactory">
        <Visible>true</Visible>
        <Collidable>true</Collidable>
      </Factory>
    </MapFactory>
    <MapFactory>
      <Guid>00000000-0000-0000-0000-000000000000</Guid>
      <Transform>
        <Translation X="0" Y="0" Z="0" />
        
        <Scaling>1</Scaling>
        <Visible>false</Visible>
        <Frozen>false</Frozen>
      </Transform>
      <Factory xsi:type="StaticModelFactory">
        <Visible>true</Visible>
        <Collidable>true</Collidable>
      </Factory>
    </MapFactory>
    <MapFactory>
      <Guid>00000000-0000-0000-0000-000000000000</Guid>
      <Transform>
        <Translation X="0" Y="0" Z="0" />
        
        <Scaling>1</Scaling>
        <Visible>false</Visible>
        <Frozen>false</Frozen>
      </Transform>
      <Factory xsi:type="StaticModelFactory">
        <Visible>true</Visible>
        <Collidable>true</Collidable>
      </Factory>
    </MapFactory>
    <MapFactory>
      <Guid>00000000-0000-0000-0000-000000000000</Guid>
      <Transform>
        <Translation X="0" Y="0" Z="0" />
        
        <Scaling>1</Scaling>
        <Visible>false</Visible>
        <Frozen>false</Frozen>
      </Transform>
      <Factory xsi:type="StaticModelFactory">
        <Visible>true</Visible>
        <Collidable>true</Collidable>
      </Factory>
    </MapFactory>
    <MapFactory>
      <Guid>00000000-0000-0000-0000-000000000000</Guid>
      <Transform>
        <Translation X="0" Y="0" Z="0" />
        
        <Scaling>1</Scaling>
        <Visible>false</Visible>
        <Frozen>false</Frozen>
      </Transform>
      <Factory xsi:type="StaticModelFactory">
        <Visible>true</Visible>
        <Collidable>true</Collidable>
      </Factory>
    </MapFactory>
    <MapFactory>
      <Guid>00000000-0000-0000-0000-000000000000</Guid>
      <Transform>
        <Translation X="0" Y="0" Z="0" />
        
        <Scaling>1</Scaling>
        <Visible>false</Visible>
        <Frozen>false</Frozen>
      </Transform>
      <Factory xsi:type="StaticModelFactory">
        <Visible>true</Visible>
        <Collidable>true</Collidable>
      </Factory>
    </MapFactory>
    <MapFactory>
      <Guid>00000000-0000-0000-0000-000000000000</Guid>
      <Transform>
        <Translation X="0" Y="0" Z="0" />
        
        <Scaling>1</Scaling>
        <Visible>false</Visible>
        <Frozen>false</Frozen>
      </Transform>
      <Factory xsi:type="StaticModelFactory">
        <Visible>true</Visible>
        <Collidable>true</Collidable>
      </Factory>
    </MapFactory>
    <MapFactory>
      <Guid>00000000-0000-0000-0000-000000000000</Guid>
      <Transform>
        <Translation X="0" Y="0" Z="0" />
        
        <Scaling>1</Scaling>
        <Visible>false</Visible>
        <Frozen>false</Frozen>
      </Transform>
      <Factory xsi:type="StaticModelFactory">
        <Visible>true</Visible>
        <Collidable>true</Collidable>
      </Factory>
    </MapFactory>
    <MapFactory>
      <Guid>00000000-0000-0000-0000-000000000000</Guid>
      <Transform>
        <Translation X="0" Y="0" Z="0" />
        
        <Scaling>1</Scaling>
        <Visible>false</Visible>
        <Frozen>false</Frozen>
      </Transform>
      <Factory xsi:type="StaticModelFactory">
        <Visible>true</Visible>
        <Collidable>true</Collidable>
      </Factory>
    </MapFactory>
    <MapFactory>
      <Guid>00000000-0000-0000-0000-000000000000</Guid>
      <Transform>
        <Translation X="0" Y="0" Z="0" />
        
        <Scaling>1</Scaling>
        <Visible>false</Visible>
        <Frozen>false</Frozen>
      </Transform>
      <Factory xsi:type="StaticModelFactory">
        <Visible>true</Visible>
        <Collidable>true</Collidable>
      </Factory>
    </MapFactory>
    <MapFactory>
      <Guid>00000000-0000-0000-0000-000000000000</Guid>
      <Transform>
        <Translation X="0" Y="0" Z="0" />
        
        <Scaling>1</Scaling>
        <Visible>false</Visible>
        <Frozen>false</Frozen>
      </Transform>
      <Factory xsi:type="StaticModelFactory">
        <Visible>true</Visible>
        <Collidable>true</Collidable>
      </Factory>
    </MapFactory>
    <MapFactory>
      <Guid>00000000-0000-0000-0000-000000000000</Guid>
      <Transform>
        <Translation X="0" Y="0" Z="0" />
        
        <Scaling>1</Scaling>
        <Visible>false</Visible>
        <Frozen>false</Frozen>
      </Transform>
      <Factory xsi:type="StaticModelFactory">
        <Visible>true</Visible>
        <Collidable>true</Collidable>
      </Factory>
    </MapFactory>
    <MapFactory>
      <Guid>00000000-0000-0000-0000-000000000000</Guid>
      <Transform>
        <Translation X="0" Y="0" Z="0" />
        
        <Scaling>1</Scaling>
        <Visible>false</Visible>
        <Frozen>false</Frozen>
      </Transform>
      <Factory xsi:type="StaticModelFactory">
        <Visible>true</Visible>
        <Collidable>true</Collidable>
      </Factory>
    </MapFactory>
    <MapFactory>
      <Guid>00000000-0000-0000-0000-000000000000</Guid>
      <Transform>
        <Translation X="0" Y="0" Z="0" />
        
        <Scaling>1</Scaling>
        <Visible>false</Visible>
        <Frozen>false</Frozen>
      </Transform>
      <Factory xsi:type="StaticModelFactory">
        <Visible>true</Visible>
        <Collidable>true</Collidable>
      </Factory>
    </MapFactory>
    <MapFactory>
      <Guid>00000000-0000-0000-0000-000000000000</Guid>
      <Transform>
        <Translation X="0" Y="0" Z="0" />
        
        <Scaling>1</Scaling>
        <Visible>false</Visible>
        <Frozen>false</Frozen>
      </Transform>
      <Factory xsi:type="StaticModelFactory">
        <Visible>true</Visible>
        <Collidable>true</Collidable>
      </Factory>
    </MapFactory>
    <MapFactory>
      <Guid>00000000-0000-0000-0000-000000000000</Guid>
      <Transform>
        <Translation X="0" Y="0" Z="0" />
        
        <Scaling>1</Scaling>
        <Visible>false</Visible>
        <Frozen>false</Frozen>
      </Transform>
      <Factory xsi:type="StaticModelFactory">
        <Visible>true</Visible>
        <Collidable>true</Collidable>
      </Factory>
    </MapFactory>
    <MapFactory>
      <Guid>00000000-0000-0000-0000-000000000000</Guid>
      <Transform>
        <Translation X="0" Y="0" Z="0" />
        
        <Scaling>1</Scaling>
        <Visible>false</Visible>
        <Frozen>false</Frozen>
      </Transform>
      <Factory xsi:type="StaticModelFactory">
        <Visible>true</Visible>
        <Collidable>true</Collidable>
      </Factory>
    </MapFactory>
    <MapFactory>
      <Guid>00000000-0000-0000-0000-000000000000</Guid>
      <Transform>
        <Translation X="0" Y="0" Z="0" />
        
        <Scaling>1</Scaling>
        <Visible>false</Visible>
        <Frozen>false</Frozen>
      </Transform>
      <Factory xsi:type="StaticModelFactory">
        <Visible>true</Visible>
        <Collidable>true</Collidable>
      </Factory>
    </MapFactory>
    <MapFactory>
      <Guid>00000000-0000-0000-0000-000000000000</Guid>
      <Transform>
        <Translation X="0" Y="0" Z="0" />
        
        <Scaling>1</Scaling>
        <Visible>false</Visible>
        <Frozen>false</Frozen>
      </Transform>
      <Factory xsi:type="StaticModelFactory">
        <Visible>true</Visible>
        <Collidable>true</Collidable>
      </Factory>
    </MapFactory>
    <MapFactory>
      <Guid>00000000-0000-0000-0000-000000000000</Guid>
      <Transform>
        <Translation X="0" Y="0" Z="0" />
        
        <Scaling>1</Scaling>
        <Visible>false</Visible>
        <Frozen>false</Frozen>
      </Transform>
      <Factory xsi:type="StaticModelFactory">
        <Visible>true</Visible>
        <Collidable>true</Collidable>
      </Factory>
    </MapFactory>
  </Factories>
</Map>ransform>
        <Translation X="0" Y="0" Z="0" />
        <Rotation>
          <X>0</X>
          <Y>0</Y>
          <Z>0</Z>
          <W>0</W>
        </Rotation>
        <Scaling>1</Scaling>
        <Visible>0</Visible>
        <Frozen>0</Frozen>
      </Transform>
      <Factory xsi:type="StaticModelFactory">
        <Visible>true</Visible>
        <Collidable>true</Collidable>
      </Factory>
    </MapFactory>
    <MapFactory>
      <Guid>00000000-0000-0000-0000-000000000000</Guid>
      <Transform>
        <Translation X="0" Y="0" Z="0" />
        <Rotation>
          <X>0</X>
          <Y>0</Y>
          <Z>0</Z>
          <W>0</W>
        </Rotation>
        <Scaling>1</Scaling>
        <Visible>0</Visible>
        <Frozen>0</Frozen>
      </Transform>
      <Factory xsi:type="StaticModelFactory">
        <Visible>true</Visible>
        <Collidable>true</Collidable>
      </Factory>
    </MapFactory>
    <MapFactory>
      <Guid>00000000-0000-0000-0000-000000000000</Guid>
      <Transform>
        <Translation X="0" Y="0" Z="0" />
        <Rotation>
          <X>0</X>
          <Y>0</Y>
          <Z>0</Z>
          <W>0</W>
        </Rotation>
        <Scaling>1</Scaling>
        <Visible>0</Visible>
        <Frozen>0</Frozen>
      </Transform>
      <Factory xsi:type="StaticModelFactory">
        <Visible>true</Visible>
        <Collidable>true</Collidable>
      </Factory>
    </MapFactory>
    <MapFactory>
      <Guid>00000000-0000-0000-0000-000000000000</Guid>
      <Transform>
        <Translation X="0" Y="0" Z="0" />
        <Rotation>
          <X>0</X>
          <Y>0</Y>
          <Z>0</Z>
          <W>0</W>
        </Rotation>
        <Scaling>1</Scaling>
        <Visible>0</Visible>
        <Frozen>0</Frozen>
      </Transform>
      <Factory xsi:type="StaticModelFactory">
        <Visible>true</Visible>
        <Collidable>true</Collidable>
      </Factory>
    </MapFactory>
    <MapFactory>
      <Guid>00000000-0000-0000-0000-000000000000</Guid>
      <Transform>
        <Translation X="0" Y="0" Z="0" />
        <Rotation>
          <X>0</X>
          <Y>0</Y>
          <Z>0</Z>
          <W>0</W>
        </Rotation>
        <Scaling>1</Scaling>
        <Visible>0</Visible>
        <Frozen>0</Frozen>
      </Transform>
      <Factory xsi:type="StaticModelFactory">
        <Visible>true</Visible>
        <Collidable>true</Collidable>
      </Factory>
    </MapFactory>
    <MapFactory>
      <Guid>00000000-0000-0000-0000-000000000000</Guid>
      <Transform>
        <Translation X="0" Y="0" Z="0" />
        <Rotation>
          <X>0</X>
          <Y>0</Y>
          <Z>0</Z>
          <W>0</W>
        </Rotation>
        <Scaling>1</Scaling>
        <Visible>0</Visible>
        <Frozen>0</Frozen>
      </Transform>
      <Factory xsi:type="StaticModelFactory">
        <Visible>true</Visible>
        <Collidable>true</Collidable>
      </Factory>
    </MapFactory>
    <MapFactory>
      <Guid>00000000-0000-0000-0000-000000000000</Guid>
      <Transform>
        <Translation X="0" Y="0" Z="0" />
        <Rotation>
          <X>0</X>
          <Y>0</Y>
          <Z>0</Z>
          <W>0</W>
        </Rotation>
        <Scaling>1</Scaling>
        <Visible>0</Visible>
        <Frozen>0</Frozen>
      </Transform>
      <Factory xsi:type="StaticModelFactory">
        <Visible>true</Visible>
        <Collidable>true</Collidable>
      </Factory>
    </MapFactory>
    <MapFactory>
      <Guid>00000000-0000-0000-0000-000000000000</Guid>
      <Transform>
        <Translation X="0" Y="0" Z="0" />
        <Scaling>1</Scaling>
        <Visible>0</Visible>
        <Frozen>0</Frozen>
      </Transform>
      <Factory xsi:type="StaticModelFactory">
        <Visible>true</Visible>
        <Collidable>true</Collidable>
      </Factory>
    </MapFactory>
    <MapFactory>
      <Guid>00000000-0000-0000-0000-000000000000</Guid>
      <Transform>
        <Translation X="0" Y="0" Z="0" />
        <Scaling>1</Scaling>
        <Visible>0</Visible>
        <Frozen>0</Frozen>
      </Transform>
      <Factory xsi:type="StaticModelFactory">
        <Visible>true</Visible>
        <Collidable>true</Collidable>
      </Factory>
    </MapFactory>
    <MapFactory>
      <Guid>00000000-0000-0000-0000-000000000000</Guid>
      <Transform>
        <Translation X="0" Y="0" Z="0" />
        <Scaling>1</Scaling>
        <Visible>0</Visible>
        <Frozen>0</Frozen>
      </Transform>
      <Factory xsi:type="StaticModelFactory">
        <Visible>true</Visible>
        <Collidable>true</Collidable>
      </Factory>
    </MapFactory>
  </Factories>
</Map>