<?xml version="1.0" encoding="utf-8"?>
<Map xmlns:xsd="http://www.w3.org/2001/XMLSchema" xmlns:xsi="http://www.w3.org/2001/XMLSchema-instance">
  <Environment>
    <Gravity>16</Gravity>
    <SkyTrubidity>4</SkyTrubidity>
    <SunPosition X="0.3" Y="1" Z="1" />
    <SunIntensity>100</SunIntensity>
    <FogDensity>0.0001</FogDensity>
    <CharacterHeight>2</CharacterHeight>
    <CharacterSize>1.2</CharacterSize>
    <WalkableSlope>45</WalkableSlope>
    <StepHeight>45</StepHeight>
    <RecastCellHeight>0.25</RecastCellHeight>
    <RecastCellSize>0.25</RecastCellSize>
  </Environment>
  <Nodes>
    <MapNode xsi:type="MapEntity">
      <Visible>true</Visible>
      <Frozen>false</Frozen>
      <Position X="-1.375" Y="12.375" Z="6.375" />
      <Rotation X="-0.117428519" Y="-0.838722467" Z="0.433838457" W="0.307472438" />
      <Scaling>1</Scaling>
      <Factory xsi:type="FuncFXFactory">
        <FX>bullet_hit</FX>
        <FXMode>AutoTrigger</FXMode>
        <Once>false</Once>
        <Start>true</Start>
        <MinInterval>100</MinInterval>
        <MaxInterval>1000</MaxInterval>
      </Factory>
    </MapNode>
    <MapNode xsi:type="MapEntity">
      <Visible>true</Visible>
      <Frozen>false</Frozen>
      <Position X="1.125" Y="12.375" Z="6.375" />
      <Rotation X="-0.117428519" Y="-0.838722467" Z="0.433838457" W="0.307472438" />
      <Scaling>1</Scaling>
      <Factory xsi:type="FuncFXFactory">
        <FX>bullet_hit</FX>
        <FXMode>Trigger</FXMode>
        <Once>false</Once>
        <Start>true</Start>
        <MinInterval>100</MinInterval>
        <MaxInterval>1000</MaxInterval>
      </Factory>
    </MapNode>
    <MapNode xsi:type="MapEntity">
      <Visible>true</Visible>
      <Frozen>false</Frozen>
      <Position X="-1.125" Y="9.25" Z="9.875" />
      <Rotation X="0.0587123446" Y="-0.7671458" Z="0.01452821" W="0.638614953" />
      <Scaling>1</Scaling>
      <Factory xsi:type="ProxyFactory">
        <Classname>box</Classname>
      </Factory>
    </MapNode>
    <MapNode xsi:type="MapEntity">
      <Visible>true</Visible>
      <Frozen>false</Frozen>
      <Position X="-0.125" Y="9.25" Z="10.125" />
      <Rotation X="0.8433184" Y="-0.0367434248" Z="0.5286813" W="-0.08921853" />
      <Scaling>1</Scaling>
      <Factory xsi:type="ProxyFactory">
        <Classname>box</Classname>
      </Factory>
    </MapNode>
    <MapNode xsi:type="MapEntity">
      <Visible>true</Visible>
      <Frozen>false</Frozen>
      <Position X="1.625" Y="9.25" Z="9.875" />
      <Rotation X="0.176898167" Y="-0.684619844" Z="0.684623539" W="0.176898986" />
      <Scaling>1</Scaling>
      <Factory xsi:type="ProxyFactory">
        <Classname>box</Classname>
      </Factory>
    </MapNode>
    <MapNode xsi:type="MapEntity">
      <Visible>true</Visible>
      <Frozen>false</Frozen>
      <Position X="0.625" Y="9.25" Z="11" />
      <Rotation X="0.553069234" Y="0.433888465" Z="0.443190545" W="-0.556271" />
      <Scaling>1</Scaling>
      <Factory xsi:type="ProxyFactory">
        <Classname>box</Classname>
      </Factory>
    </MapNode>
    <MapNode xsi:type="MapEntity">
      <Visible>true</Visible>
      <Frozen>false</Frozen>
      <Position X="-10.375" Y="0.5" Z="2.75" />
      <Rotation X="-0.680928648" Y="0.68206054" Z="-0.188676879" W="0.188495681" />
      <Scaling>1</Scaling>
      <Factory xsi:type="ProxyFactory">
        <Classname>box</Classname>
      </Factory>
    </MapNode>
    <MapNode xsi:type="MapEntity">
      <Visible>true</Visible>
      <Frozen>false</Frozen>
      <Position X="-0.375" Y="9.25" Z="11.375" />
      <Rotation X="0.66896385" Y="-3.60322119E-05" Z="-0.7432949" W="-1.81223174E-06" />
      <Scaling>1</Scaling>
      <Factory xsi:type="ProxyFactory">
        <Classname>box</Classname>
      </Factory>
    </MapNode>
    <MapNode xsi:type="MapEntity">
      <Visible>true</Visible>
      <Frozen>false</Frozen>
      <Position X="3.125" Y="2.125" Z="2.375" />
      <Rotation X="-0.124374941" Y="-9.00169042E-08" Z="-0.992235243" W="8.15199144E-08" />
      <Scaling>1</Scaling>
      <Factory xsi:type="ProxyFactory">
        <Classname>box</Classname>
      </Factory>
    </MapNode>
    <MapNode xsi:type="MapEntity">
      <Visible>true</Visible>
      <Frozen>false</Frozen>
      <Position X="-0.875" Y="9.125" Z="8.875" />
      <Rotation X="-0.00375049282" Y="-0.7744101" Z="-0.015118314" W="0.6324921" />
      <Scaling>1</Scaling>
      <Factory xsi:type="ProxyFactory">
        <Classname>box</Classname>
      </Factory>
    </MapNode>
    <MapNode xsi:type="MapEntity">
      <Visible>true</Visible>
      <Frozen>false</Frozen>
      <Position X="0.375" Y="10.125" Z="9.875" />
      <Rotation X="0.7933944" Y="-0.0677094" Z="0.3695286" W="-0.47894612" />
      <Scaling>1</Scaling>
      <Factory xsi:type="ProxyFactory">
        <Classname>box</Classname>
      </Factory>
    </MapNode>
    <MapNode xsi:type="MapEntity">
      <Visible>true</Visible>
      <Frozen>false</Frozen>
      <Position X="-2.25" Y="10.75" Z="10.25" />
      <Rotation X="0.755313933" Y="-0.5447232" Z="-0.363868415" W="0.019423157" />
      <Scaling>1</Scaling>
      <Factory xsi:type="ProxyFactory">
        <Classname>box</Classname>
      </Factory>
    </MapNode>
    <MapNode xsi:type="MapEntity">
      <Visible>true</Visible>
      <Frozen>false</Frozen>
      <Position X="-2.125" Y="9.375" Z="7.375" />
      <Rotation X="-0.638627768" Y="-0.677170038" Z="-0.295982778" W="-0.214451641" />
      <Scaling>1</Scaling>
      <Factory xsi:type="ProxyFactory">
        <Classname>box</Classname>
      </Factory>
    </MapNode>
    <MapNode xsi:type="MapEntity">
      <Visible>true</Visible>
      <Frozen>false</Frozen>
      <Position X="-1.875" Y="9.25" Z="8.875" />
      <Rotation X="0.000423133" Y="-0.871899" Z="0.000361617916" W="0.4896854" />
      <Scaling>1</Scaling>
      <Factory xsi:type="ProxyFactory">
        <Classname>box</Classname>
      </Factory>
    </MapNode>
    <MapNode xsi:type="MapEntity">
      <Visible>true</Visible>
      <Frozen>false</Frozen>
      <Position X="0.125" Y="9.125" Z="8.5" />
      <Rotation X="0.992622137" Y="-0.00183722831" Z="0.119364366" W="0.0212171469" />
      <Scaling>1</Scaling>
      <Factory xsi:type="ProxyFactory">
        <Classname>box</Classname>
      </Factory>
    </MapNode>
    <MapNode xsi:type="MapEntity">
      <Visible>true</Visible>
      <Frozen>false</Frozen>
      <Position X="-6.602059" Y="4.3513875" Z="25.2558079" />
      <Rotation X="-0.0348549224" Y="-0.7439275" Z="-0.0346701778" W="0.666449547" />
      <Scaling>1</Scaling>
      <Factory xsi:type="ProxyFactory">
        <Classname>box</Classname>
      </Factory>
    </MapNode>
    <MapNode xsi:type="MapEntity">
      <Visible>true</Visible>
      <Frozen>false</Frozen>
      <Position X="-3.875" Y="9.25" Z="7.375" />
      <Rotation X="0.4484775" Y="-7.753682E-07" Z="0.8937941" W="9.577712E-07" />
      <Scaling>1</Scaling>
      <Factory xsi:type="ProxyFactory">
        <Classname>box</Classname>
      </Factory>
    </MapNode>
    <MapNode xsi:type="MapEntity">
      <Visible>true</Visible>
      <Frozen>false</Frozen>
      <Position X="-1.75" Y="10.125" Z="8.875" />
      <Rotation X="0.8976597" Y="-0.107808016" Z="0.422674775" W="0.0626946241" />
      <Scaling>1</Scaling>
      <Factory xsi:type="ProxyFactory">
        <Classname>box</Classname>
      </Factory>
    </MapNode>
    <MapNode xsi:type="MapEntity">
      <Visible>true</Visible>
      <Frozen>false</Frozen>
      <Position X="-3.875" Y="9.25" Z="5.875" />
      <Rotation X="-0.0508041419" Y="-0.7052762" Z="0.7052792" W="-0.05084965" />
      <Scaling>1</Scaling>
      <Factory xsi:type="ProxyFactory">
        <Classname>box</Classname>
      </Factory>
    </MapNode>
    <MapNode xsi:type="MapDecal">
      <Visible>true</Visible>
      <Frozen>false</Frozen>
      <Position X="-9.375" Y="0" Z="0.5" />
      <Rotation X="0.274287879" Y="-0.6539685" Z="-0.6487808" W="-0.275998056" />
      <Scaling>1</Scaling>
      <ImageName>rust</ImageName>
      <Width>10</Width>
      <Height>5</Height>
      <Depth>1</Depth>
      <Emission Red="0" Green="0" Blue="0" Alpha="0" />
      <BaseColor R="183" G="65" B="14" A="255" />
      <Roughness>0.3</Roughness>
      <Metallic>0</Metallic>
      <ColorFactor>1</ColorFactor>
      <SpecularFactor>1</SpecularFactor>
      <NormalMapFactor>0</NormalMapFactor>
      <FalloffFactor>0.5</FalloffFactor>
    </MapNode>
    <MapNode xsi:type="MapEntity">
      <Visible>true</Visible>
      <Frozen>false</Frozen>
      <Position X="-6.682604" Y="4.349618" Z="-7.28237772" />
      <Rotation X="-0.0064609" Y="-0.9977249" Z="0.0487273447" W="-0.0461407" />
      <Scaling>1</Scaling>
      <Factory xsi:type="ProxyFactory">
        <Classname>box</Classname>
      </Factory>
    </MapNode>
    <MapNode xsi:type="MapEntity">
      <Visible>true</Visible>
      <Frozen>false</Frozen>
      <Position X="22" Y="1.625" Z="-8" />
      <Rotation X="-0.332230926" Y="-0.6241919" Z="0.6243523" W="-0.331950784" />
      <Scaling>1</Scaling>
      <Factory xsi:type="ProxyFactory">
        <Classname>box</Classname>
      </Factory>
    </MapNode>
    <MapNode xsi:type="MapEntity">
      <Visible>true</Visible>
      <Frozen>false</Frozen>
      <Position X="22" Y="1.625" Z="6.5" />
      <Rotation X="-0.332230926" Y="-0.6241919" Z="0.6243523" W="-0.331950784" />
      <Scaling>1</Scaling>
      <Factory xsi:type="ProxyFactory">
        <Classname>box</Classname>
      </Factory>
    </MapNode>
    <MapNode xsi:type="MapEntity">
      <Visible>true</Visible>
      <Frozen>false</Frozen>
      <Position X="22" Y="1.625" Z="21" />
      <Rotation X="-0.332230926" Y="-0.6241919" Z="0.6243523" W="-0.331950784" />
      <Scaling>1</Scaling>
      <Factory xsi:type="ProxyFactory">
        <Classname>box</Classname>
      </Factory>
    </MapNode>
    <MapNode xsi:type="MapEntity">
      <Visible>true</Visible>
      <Frozen>false</Frozen>
      <Position X="-6" Y="0" Z="-22.5" />
      <Rotation X="-0.0479592644" Y="-0.705354452" Z="0.7056154" W="-0.04776915" />
      <Scaling>1</Scaling>
      <Factory xsi:type="ProxyFactory">
        <Classname>box</Classname>
      </Factory>
    </MapNode>
    <MapNode xsi:type="MapDecal">
      <Visible>true</Visible>
      <Frozen>false</Frozen>
      <Position X="-38.25" Y="3.625" Z="10.25" />
      <Rotation X="-0.5535698" Y="-0.6648306" Z="0.4269086" W="-0.263267368" />
      <Scaling>1</Scaling>
      <ImageName>blood3</ImageName>
      <Width>2</Width>
      <Height>2</Height>
      <Depth>1</Depth>
      <Emission Red="0" Green="0" Blue="0" Alpha="0" />
      <BaseColor R="67" G="1" B="1" A="255" />
      <Roughness>0.005</Roughness>
      <Metallic>0</Metallic>
      <ColorFactor>1</ColorFactor>
      <SpecularFactor>1</SpecularFactor>
      <NormalMapFactor>0</NormalMapFactor>
      <FalloffFactor>4</FalloffFactor>
    </MapNode>
    <MapNode xsi:type="MapDecal">
      <Visible>true</Visible>
      <Frozen>false</Frozen>
      <Position X="-21" Y="2.75" Z="24.625" />
      <Rotation X="-0.6227273" Y="-0.597835" Z="-0.49772194" W="-0.08412513" />
      <Scaling>1</Scaling>
      <ImageName>blood1</ImageName>
      <Width>2</Width>
      <Height>2</Height>
      <Depth>1</Depth>
      <Emission Red="1000" Green="0" Blue="0" Alpha="0" />
      <BaseColor R="67" G="1" B="1" A="255" />
      <Roughness>0.01</Roughness>
      <Metallic>0</Metallic>
      <ColorFactor>0</ColorFactor>
      <SpecularFactor>0</SpecularFactor>
      <NormalMapFactor>-1</NormalMapFactor>
      <FalloffFactor>0.5</FalloffFactor>
    </MapNode>
    <MapNode xsi:type="MapDecal">
      <Visible>true</Visible>
      <Frozen>false</Frozen>
      <Position X="-9.125" Y="0" Z="0.75" />
      <Rotation X="-0.554837" Y="-0.442840159" Z="0.4441817" W="-0.5465815" />
      <Scaling>1</Scaling>
      <ImageName>blood3</ImageName>
      <Width>2</Width>
      <Height>2</Height>
      <Depth>0.25</Depth>
      <Emission Red="0" Green="0" Blue="0" Alpha="0" />
      <BaseColor R="64" G="3" B="3" A="255" />
      <Roughness>0.02</Roughness>
      <Metallic>0</Metallic>
      <ColorFactor>1</ColorFactor>
      <SpecularFactor>1</SpecularFactor>
      <NormalMapFactor>0</NormalMapFactor>
      <FalloffFactor>1</FalloffFactor>
    </MapNode>
    <MapNode xsi:type="MapDecal">
      <Visible>true</Visible>
      <Frozen>false</Frozen>
      <Position X="-24" Y="0" Z="1" />
      <Rotation X="0.667297244" Y="-0.232842654" Z="0.227126449" W="0.6700091" />
      <Scaling>1</Scaling>
      <ImageName>blood3</ImageName>
      <Width>8</Width>
      <Height>8</Height>
      <Depth>0.25</Depth>
      <Emission Red="0" Green="0" Blue="0" Alpha="0" />
      <BaseColor R="105" G="115" B="110" A="255" />
      <Roughness>0.001</Roughness>
      <Metallic>0</Metallic>
      <ColorFactor>0</ColorFactor>
      <SpecularFactor>1</SpecularFactor>
      <NormalMapFactor>0</NormalMapFactor>
      <FalloffFactor>8</FalloffFactor>
    </MapNode>
    <MapNode xsi:type="MapDecal">
      <Visible>true</Visible>
      <Frozen>false</Frozen>
      <Position X="7.02894831" Y="1.5" Z="10.9501429" />
      <Rotation X="0.492815644" Y="-0.502995849" Z="0.349278539" W="-0.6181687" />
      <Scaling>1</Scaling>
      <ImageName>bulletHit</ImageName>
      <Width>0.3</Width>
      <Height>0.3</Height>
      <Depth>0.25</Depth>
      <Emission Red="0" Green="0" Blue="0" Alpha="0" />
      <BaseColor R="0" G="0" B="0" A="255" />
      <Roughness>0.2</Roughness>
      <Metallic>1</Metallic>
      <ColorFactor>1</ColorFactor>
      <SpecularFactor>1</SpecularFactor>
      <NormalMapFactor>2</NormalMapFactor>
      <FalloffFactor>10</FalloffFactor>
    </MapNode>
    <MapNode xsi:type="MapDecal">
      <Visible>true</Visible>
      <Frozen>false</Frozen>
      <Position X="-22.5020771" Y="3.625" Z="10" />
      <Rotation X="-0.5535698" Y="-0.6648306" Z="0.4269086" W="-0.263267368" />
      <Scaling>1</Scaling>
      <ImageName>blood3</ImageName>
      <Width>2</Width>
      <Height>2</Height>
      <Depth>1</Depth>
      <Emission Red="0" Green="0" Blue="0" Alpha="0" />
      <BaseColor R="67" G="1" B="1" A="255" />
      <Roughness>0.005</Roughness>
      <Metallic>0</Metallic>
      <ColorFactor>1</ColorFactor>
      <SpecularFactor>1</SpecularFactor>
      <NormalMapFactor>0</NormalMapFactor>
      <FalloffFactor>4</FalloffFactor>
    </MapNode>
    <MapNode xsi:type="MapDecal">
      <Visible>true</Visible>
      <Frozen>false</Frozen>
      <Position X="-39.375" Y="3.625" Z="25.75" />
      <Rotation X="-0.301922947" Y="-0.7403433" Z="0.411720157" W="-0.4372879" />
      <Scaling>1</Scaling>
      <ImageName>blood3</ImageName>
      <Width>2</Width>
      <Height>2</Height>
      <Depth>1</Depth>
      <Emission Red="0" Green="0" Blue="0" Alpha="0" />
      <BaseColor R="67" G="1" B="1" A="255" />
      <Roughness>0.005</Roughness>
      <Metallic>0</Metallic>
      <ColorFactor>1</ColorFactor>
      <SpecularFactor>1</SpecularFactor>
      <NormalMapFactor>1</NormalMapFactor>
      <FalloffFactor>8</FalloffFactor>
    </MapNode>
    <MapNode xsi:type="MapOmniLight">
      <Visible>true</Visible>
      <Frozen>false</Frozen>
      <Position X="-28.25" Y="2" Z="12.25" />
      <Rotation X="0" Y="0" Z="0" W="1" />
      <Scaling>1</Scaling>
      <Intensity>500</Intensity>
      <Radius>5</Radius>
      <LightPreset>IncandescentStandard</LightPreset>
    </MapNode>
    <MapNode xsi:type="MapOmniLight">
      <Visible>true</Visible>
      <Frozen>false</Frozen>
      <Position X="-18.875" Y="2" Z="39.375" />
      <Rotation X="0" Y="0" Z="0" W="1" />
      <Scaling>1</Scaling>
      <Intensity>500</Intensity>
      <Radius>5</Radius>
      <LightPreset>IncandescentStandard</LightPreset>
    </MapNode>
    <MapNode xsi:type="MapOmniLight">
      <Visible>true</Visible>
      <Frozen>false</Frozen>
      <Position X="-39" Y="3" Z="5" />
      <Rotation X="0" Y="0" Z="0" W="1" />
      <Scaling>1</Scaling>
      <Intensity>500</Intensity>
      <Radius>5</Radius>
      <LightPreset>FlourescentSoftWhite</LightPreset>
    </MapNode>
    <MapNode xsi:type="MapOmniLight">
      <Visible>true</Visible>
      <Frozen>false</Frozen>
      <Position X="-28.125" Y="2" Z="29.5" />
      <Rotation X="0" Y="0" Z="0" W="1" />
      <Scaling>1</Scaling>
      <Intensity>500</Intensity>
      <Radius>5</Radius>
      <LightPreset>IncandescentStandard</LightPreset>
    </MapNode>
    <MapNode xsi:type="MapOmniLight">
      <Visible>true</Visible>
      <Frozen>false</Frozen>
      <Position X="-18.875" Y="2" Z="8" />
      <Rotation X="0" Y="0" Z="0" W="1" />
      <Scaling>1</Scaling>
      <Intensity>500</Intensity>
      <Radius>5</Radius>
      <LightPreset>IncandescentStandard</LightPreset>
    </MapNode>
    <MapNode xsi:type="MapSpotLight">
      <Visible>true</Visible>
      <Frozen>false</Frozen>
      <Position X="-9.5" Y="6.5" Z="27.875" />
      <Rotation X="-0.1812633" Y="-0.4882127" Z="-0.436679" W="0.7335553" />
      <Scaling>1</Scaling>
      <SpotMaskName>color</SpotMaskName>
      <Intensity>2500</Intensity>
      <Radius>10</Radius>
      <NearPlane>1</NearPlane>
      <FarPlane>10</FarPlane>
      <FovVertical>90</FovVertical>
      <FovHorizontal>90</FovHorizontal>
      <LightPreset>FluorescentTubular</LightPreset>
      <DepthBias>0.001</DepthBias>
      <SlopeBias>4</SlopeBias>
    </MapNode>
    <MapNode xsi:type="MapDecal">
      <Visible>true</Visible>
      <Frozen>false</Frozen>
      <Position X="-5.375" Y="0" Z="11.625" />
      <Rotation X="0.110515013" Y="-0.701102257" Z="-0.695655644" W="-0.110929787" />
      <Scaling>1</Scaling>
      <ImageName>rust</ImageName>
      <Width>10</Width>
      <Height>5</Height>
      <Depth>1</Depth>
      <Emission Red="0" Green="0" Blue="0" Alpha="0" />
      <BaseColor R="183" G="65" B="14" A="255" />
      <Roughness>0.3</Roughness>
      <Metallic>0</Metallic>
      <ColorFactor>1</ColorFactor>
      <SpecularFactor>1</SpecularFactor>
      <NormalMapFactor>0</NormalMapFactor>
      <FalloffFactor>2</FalloffFactor>
    </MapNode>
    <MapNode xsi:type="MapModel">
      <Visible>true</Visible>
      <Frozen>false</Frozen>
      <Position X="-16" Y="1" Z="4" />
      <Rotation X="0" Y="0" Z="0" W="1" />
      <Scaling>1</Scaling>
      <ScenePath>scenes\boxes\boxModel.fbx</ScenePath>
      <Scale>1</Scale>
      <Color Red="10" Green="10" Blue="10" Alpha="1" />
    </MapNode>
    <MapNode xsi:type="MapDecal">
      <Visible>true</Visible>
      <Frozen>false</Frozen>
      <Position X="-17.75" Y="-0.125" Z="14.375" />
      <Rotation X="0.110515013" Y="-0.701102257" Z="-0.695655644" W="-0.110929787" />
      <Scaling>1</Scaling>
      <ImageName>rust</ImageName>
      <Width>10</Width>
      <Height>5</Height>
      <Depth>1</Depth>
      <Emission Red="0" Green="0" Blue="0" Alpha="0" />
      <BaseColor R="183" G="65" B="14" A="255" />
      <Roughness>0.3</Roughness>
      <Metallic>0</Metallic>
      <ColorFactor>1</ColorFactor>
      <SpecularFactor>1</SpecularFactor>
      <NormalMapFactor>0</NormalMapFactor>
      <FalloffFactor>2</FalloffFactor>
    </MapNode>
    <MapNode xsi:type="MapModel">
      <Visible>true</Visible>
      <Frozen>false</Frozen>
      <Position X="-6.75" Y="0" Z="8.875" />
      <Rotation X="0" Y="0" Z="0" W="1" />
      <Scaling>1</Scaling>
      <ScenePath>scenes\mtrlTest.fbx</ScenePath>
      <Scale>1</Scale>
      <Color Red="10" Green="10" Blue="10" Alpha="1" />
    </MapNode>
    <MapNode xsi:type="MapOmniLight">
      <Visible>true</Visible>
      <Frozen>false</Frozen>
      <Position X="44" Y="1.625" Z="10.125" />
      <Rotation X="0" Y="0" Z="0" W="1" />
      <Scaling>1</Scaling>
      <Intensity>500</Intensity>
      <Radius>5</Radius>
      <LightPreset>Red</LightPreset>
    </MapNode>
    <MapNode xsi:type="MapOmniLight">
      <Visible>true</Visible>
      <Frozen>false</Frozen>
      <Position X="44" Y="1.625" Z="23.375" />
      <Rotation X="0" Y="0" Z="0" W="1" />
      <Scaling>1</Scaling>
      <Intensity>500</Intensity>
      <Radius>5</Radius>
      <LightPreset>FluorescentTubular</LightPreset>
    </MapNode>
    <MapNode xsi:type="MapLightProbe">
      <Visible>true</Visible>
      <Frozen>false</Frozen>
      <Position X="-23" Y="2" Z="9" />
      <Rotation X="0" Y="0" Z="0" W="1" />
      <Scaling>1</Scaling>
      <Width>8</Width>
      <Height>8</Height>
      <Depth>8</Depth>
      <Factor>1</Factor>
    </MapNode>
    <MapNode xsi:type="MapDecal">
      <Visible>true</Visible>
      <Frozen>false</Frozen>
      <Position X="-38.125" Y="3.625" Z="24.5" />
      <Rotation X="-0.3350791" Y="-0.344688624" Z="0.7109434" W="-0.513294458" />
      <Scaling>1</Scaling>
      <ImageName>blood3</ImageName>
      <Width>2</Width>
      <Height>2</Height>
      <Depth>1</Depth>
      <Emission Red="0" Green="0" Blue="0" Alpha="0" />
      <BaseColor R="67" G="1" B="1" A="255" />
      <Roughness>0.005</Roughness>
      <Metallic>0</Metallic>
      <ColorFactor>1</ColorFactor>
      <SpecularFactor>1</SpecularFactor>
      <NormalMapFactor>0</NormalMapFactor>
      <FalloffFactor>8</FalloffFactor>
    </MapNode>
    <MapNode xsi:type="MapLightProbe">
      <Visible>true</Visible>
      <Frozen>false</Frozen>
      <Position X="-6.75" Y="2.125" Z="9.5" />
      <Rotation X="0" Y="0" Z="0" W="1" />
      <Scaling>1</Scaling>
      <Width>8</Width>
      <Height>8</Height>
      <Depth>8</Depth>
      <Factor>1</Factor>
    </MapNode>
    <MapNode xsi:type="MapLightProbe">
      <Visible>true</Visible>
      <Frozen>false</Frozen>
      <Position X="-57.375" Y="22.5" Z="16.25" />
      <Rotation X="0" Y="0" Z="0" W="1" />
      <Scaling>1</Scaling>
      <Width>64</Width>
      <Height>16</Height>
      <Depth>64</Depth>
      <Factor>1</Factor>
    </MapNode>
    <MapNode xsi:type="MapEntity">
      <Visible>true</Visible>
      <Frozen>false</Frozen>
      <Position X="-23" Y="2.25" Z="38.375" />
      <Rotation X="-0.0348549224" Y="-0.7439275" Z="-0.0346701778" W="0.666449547" />
      <Scaling>1</Scaling>
      <Factory xsi:type="ProxyFactory">
        <Classname>box</Classname>
      </Factory>
    </MapNode>
    <MapNode xsi:type="MapLightProbe">
      <Visible>true</Visible>
      <Frozen>false</Frozen>
      <Position X="-3.5" Y="2" Z="4.375" />
      <Rotation X="0" Y="0" Z="0" W="1" />
      <Scaling>1</Scaling>
      <Width>8</Width>
      <Height>5</Height>
      <Depth>13</Depth>
      <Factor>1</Factor>
    </MapNode>
    <MapNode xsi:type="MapDecal">
      <Visible>true</Visible>
      <Frozen>false</Frozen>
      <Position X="-7" Y="3.875" Z="9.125" />
      <Rotation X="0.7020106" Y="0.0595435649" Z="-0.06366438" W="0.7068114" />
      <Scaling>1</Scaling>
      <ImageName>blood3</ImageName>
      <Width>3</Width>
      <Height>3</Height>
      <Depth>1</Depth>
      <Emission Red="0" Green="0" Blue="0" Alpha="0" />
      <BaseColor R="105" G="115" B="110" A="255" />
      <Roughness>0.01</Roughness>
      <Metallic>1</Metallic>
      <ColorFactor>0</ColorFactor>
      <SpecularFactor>1</SpecularFactor>
      <NormalMapFactor>0</NormalMapFactor>
      <FalloffFactor>1</FalloffFactor>
    </MapNode>
    <MapNode xsi:type="MapDecal">
      <Visible>true</Visible>
      <Frozen>false</Frozen>
      <Position X="9" Y="3.875" Z="9.25" />
      <Rotation X="0.7020106" Y="0.0595435649" Z="-0.06366438" W="0.7068114" />
      <Scaling>1</Scaling>
      <ImageName>blood3</ImageName>
      <Width>3</Width>
      <Height>3</Height>
      <Depth>1</Depth>
      <Emission Red="0" Green="0" Blue="0" Alpha="0" />
      <BaseColor R="105" G="115" B="110" A="255" />
      <Roughness>0.2</Roughness>
      <Metallic>0</Metallic>
      <ColorFactor>0</ColorFactor>
      <SpecularFactor>1</SpecularFactor>
      <NormalMapFactor>0</NormalMapFactor>
      <FalloffFactor>5</FalloffFactor>
    </MapNode>
    <MapNode xsi:type="MapDecal">
      <Visible>true</Visible>
      <Frozen>false</Frozen>
      <Position X="25.125" Y="3.875" Z="25.25" />
      <Rotation X="0.7020106" Y="0.0595435649" Z="-0.06366438" W="0.7068114" />
      <Scaling>1</Scaling>
      <ImageName>blood3</ImageName>
      <Width>3</Width>
      <Height>3</Height>
      <Depth>1</Depth>
      <Emission Red="0" Green="0" Blue="0" Alpha="0" />
      <BaseColor R="105" G="115" B="110" A="255" />
      <Roughness>0.01</Roughness>
      <Metallic>0</Metallic>
      <ColorFactor>0</ColorFactor>
      <SpecularFactor>1</SpecularFactor>
      <NormalMapFactor>0</NormalMapFactor>
      <FalloffFactor>10</FalloffFactor>
    </MapNode>
    <MapNode xsi:type="MapDecal">
      <Visible>true</Visible>
      <Frozen>false</Frozen>
      <Position X="25.125" Y="3.875" Z="9.25" />
      <Rotation X="0.7020106" Y="0.0595435649" Z="-0.06366438" W="0.7068114" />
      <Scaling>1</Scaling>
      <ImageName>blood3</ImageName>
      <Width>3</Width>
      <Height>3</Height>
      <Depth>1</Depth>
      <Emission Red="0" Green="0" Blue="0" Alpha="0" />
      <BaseColor R="105" G="115" B="110" A="255" />
      <Roughness>0.01</Roughness>
      <Metallic>1</Metallic>
      <ColorFactor>0</ColorFactor>
      <SpecularFactor>1</SpecularFactor>
      <NormalMapFactor>0</NormalMapFactor>
      <FalloffFactor>0.2</FalloffFactor>
    </MapNode>
    <MapNode xsi:type="MapDecal">
      <Visible>true</Visible>
      <Frozen>false</Frozen>
      <Position X="25.125" Y="3.75" Z="-6.75" />
      <Rotation X="0.7020106" Y="0.0595435649" Z="-0.06366438" W="0.7068114" />
      <Scaling>1</Scaling>
      <ImageName>blood3</ImageName>
      <Width>3</Width>
      <Height>3</Height>
      <Depth>1</Depth>
      <Emission Red="0" Green="0" Blue="0" Alpha="0" />
      <BaseColor R="105" G="115" B="110" A="255" />
      <Roughness>0.01</Roughness>
      <Metallic>1</Metallic>
      <ColorFactor>0</ColorFactor>
      <SpecularFactor>1</SpecularFactor>
      <NormalMapFactor>0</NormalMapFactor>
      <FalloffFactor>10</FalloffFactor>
    </MapNode>
    <MapNode xsi:type="MapLightProbe">
      <Visible>true</Visible>
      <Frozen>false</Frozen>
      <Position X="-46.875" Y="1.625" Z="-17.625" />
      <Rotation X="0" Y="0" Z="0" W="1" />
      <Scaling>1</Scaling>
      <Width>8</Width>
      <Height>8</Height>
      <Depth>8</Depth>
      <Factor>1</Factor>
    </MapNode>
    <MapNode xsi:type="MapDecal">
      <Visible>true</Visible>
      <Frozen>false</Frozen>
      <Position X="-7" Y="4" Z="-7" />
      <Rotation X="0.0325070545" Y="0.7083366" Z="-0.7041415" W="0.03724313" />
      <Scaling>1</Scaling>
      <ImageName>blood3</ImageName>
      <Width>3</Width>
      <Height>3</Height>
      <Depth>1</Depth>
      <Emission Red="0" Green="0" Blue="0" Alpha="0" />
      <BaseColor R="105" G="115" B="110" A="255" />
      <Roughness>0.01</Roughness>
      <Metallic>1</Metallic>
      <ColorFactor>0</ColorFactor>
      <SpecularFactor>1</SpecularFactor>
      <NormalMapFactor>0</NormalMapFactor>
      <FalloffFactor>5</FalloffFactor>
    </MapNode>
    <MapNode xsi:type="MapDecal">
      <Visible>true</Visible>
      <Frozen>false</Frozen>
      <Position X="-39" Y="3.875" Z="25.625" />
      <Rotation X="0.7020106" Y="0.0595435649" Z="-0.06366438" W="0.7068114" />
      <Scaling>1</Scaling>
      <ImageName>blood3</ImageName>
      <Width>3</Width>
      <Height>3</Height>
      <Depth>1</Depth>
      <Emission Red="0" Green="0" Blue="0" Alpha="0" />
      <BaseColor R="105" G="115" B="110" A="255" />
      <Roughness>0.01</Roughness>
      <Metallic>1</Metallic>
      <ColorFactor>0</ColorFactor>
      <SpecularFactor>1</SpecularFactor>
      <NormalMapFactor>0</NormalMapFactor>
      <FalloffFactor>1</FalloffFactor>
    </MapNode>
    <MapNode xsi:type="MapDecal">
      <Visible>true</Visible>
      <Frozen>false</Frozen>
      <Position X="5.75" Y="0" Z="9.125" />
      <Rotation X="0.576846659" Y="-0.4113645" Z="0.4051172" W="0.577846944" />
      <Scaling>1</Scaling>
      <ImageName>blood3</ImageName>
      <Width>3</Width>
      <Height>3</Height>
      <Depth>1</Depth>
      <Emission Red="0" Green="0" Blue="0" Alpha="0" />
      <BaseColor R="105" G="115" B="110" A="255" />
      <Roughness>0.001</Roughness>
      <Metallic>0</Metallic>
      <ColorFactor>0</ColorFactor>
      <SpecularFactor>1</SpecularFactor>
      <NormalMapFactor>0</NormalMapFactor>
      <FalloffFactor>3</FalloffFactor>
    </MapNode>
    <MapNode xsi:type="MapOmniLight">
      <Visible>true</Visible>
      <Frozen>false</Frozen>
      <Position X="6" Y="2" Z="22" />
      <Rotation X="0" Y="0" Z="0" W="1" />
      <Scaling>1</Scaling>
      <Intensity>500</Intensity>
      <Radius>5</Radius>
      <LightPreset>IncandescentStandard</LightPreset>
    </MapNode>
    <MapNode xsi:type="MapLightProbe">
      <Visible>true</Visible>
      <Frozen>false</Frozen>
      <Position X="-59.75" Y="0.75" Z="39.5" />
      <Rotation X="0" Y="0" Z="0" W="1" />
      <Scaling>1</Scaling>
      <Width>6</Width>
      <Height>6</Height>
      <Depth>6</Depth>
      <Factor>2</Factor>
    </MapNode>
    <MapNode xsi:type="MapLightProbe">
      <Visible>true</Visible>
      <Frozen>false</Frozen>
      <Position X="-7" Y="2" Z="9" />
      <Rotation X="0" Y="0" Z="0" W="1" />
      <Scaling>1</Scaling>
      <Width>16</Width>
      <Height>16</Height>
      <Depth>16</Depth>
      <Factor>1</Factor>
    </MapNode>
    <MapNode xsi:type="MapLightProbe">
      <Visible>true</Visible>
      <Frozen>false</Frozen>
      <Position X="-7" Y="2" Z="-7" />
      <Rotation X="0" Y="0" Z="0" W="1" />
      <Scaling>1</Scaling>
      <Width>16</Width>
      <Height>16</Height>
      <Depth>16</Depth>
      <Factor>1</Factor>
    </MapNode>
    <MapNode xsi:type="MapLightProbe">
      <Visible>true</Visible>
      <Frozen>false</Frozen>
      <Position X="9" Y="2" Z="8" />
      <Rotation X="0" Y="0" Z="0" W="1" />
      <Scaling>1</Scaling>
      <Width>16</Width>
      <Height>16</Height>
      <Depth>16</Depth>
      <Factor>1</Factor>
    </MapNode>
    <MapNode xsi:type="MapDecal">
      <Visible>true</Visible>
      <Frozen>false</Frozen>
      <Position X="-8" Y="0" Z="-1" />
      <Rotation X="0.136374" Y="-0.68959" Z="0.697526753" W="0.139012158" />
      <Scaling>1</Scaling>
      <ImageName>blood3</ImageName>
      <Width>2</Width>
      <Height>2</Height>
      <Depth>0.25</Depth>
      <Emission Red="0" Green="0" Blue="0" Alpha="0" />
      <BaseColor R="64" G="3" B="3" A="255" />
      <Roughness>0.02</Roughness>
      <Metallic>0</Metallic>
      <ColorFactor>1</ColorFactor>
      <SpecularFactor>1</SpecularFactor>
      <NormalMapFactor>0</NormalMapFactor>
      <FalloffFactor>1</FalloffFactor>
    </MapNode>
    <MapNode xsi:type="MapDecal">
      <Visible>true</Visible>
      <Frozen>false</Frozen>
      <Position X="-7" Y="0" Z="-1" />
      <Rotation X="-0.328673184" Y="-0.625614941" Z="0.6301709" W="-0.3216593" />
      <Scaling>1</Scaling>
      <ImageName>blood3</ImageName>
      <Width>2</Width>
      <Height>2</Height>
      <Depth>0.25</Depth>
      <Emission Red="0" Green="0" Blue="0" Alpha="0" />
      <BaseColor R="64" G="3" B="3" A="255" />
      <Roughness>0.02</Roughness>
      <Metallic>0</Metallic>
      <ColorFactor>1</ColorFactor>
      <SpecularFactor>1</SpecularFactor>
      <NormalMapFactor>0</NormalMapFactor>
      <FalloffFactor>1</FalloffFactor>
    </MapNode>
    <MapNode xsi:type="MapDecal">
      <Visible>true</Visible>
      <Frozen>false</Frozen>
      <Position X="-9" Y="0" Z="0" />
      <Rotation X="-0.7022665" Y="0.104192548" Z="-0.109376416" W="-0.695703" />
      <Scaling>1</Scaling>
      <ImageName>blood3</ImageName>
      <Width>2</Width>
      <Height>2</Height>
      <Depth>0.25</Depth>
      <Emission Red="0" Green="0" Blue="0" Alpha="0" />
      <BaseColor R="64" G="3" B="3" A="255" />
      <Roughness>0.02</Roughness>
      <Metallic>0</Metallic>
      <ColorFactor>1</ColorFactor>
      <SpecularFactor>1</SpecularFactor>
      <NormalMapFactor>0</NormalMapFactor>
      <FalloffFactor>1</FalloffFactor>
    </MapNode>
    <MapNode xsi:type="MapDecal">
      <Visible>true</Visible>
      <Frozen>false</Frozen>
      <Position X="-3" Y="0" Z="0" />
      <Rotation X="0.274287879" Y="-0.6539685" Z="-0.6487808" W="-0.275998056" />
      <Scaling>1</Scaling>
      <ImageName>rust</ImageName>
      <Width>10</Width>
      <Height>5</Height>
      <Depth>1</Depth>
      <Emission Red="0" Green="0" Blue="0" Alpha="0" />
      <BaseColor R="183" G="65" B="14" A="255" />
      <Roughness>0.3</Roughness>
      <Metallic>0</Metallic>
      <ColorFactor>1</ColorFactor>
      <SpecularFactor>1</SpecularFactor>
      <NormalMapFactor>0</NormalMapFactor>
      <FalloffFactor>0.5</FalloffFactor>
    </MapNode>
    <MapNode xsi:type="MapDecal">
      <Visible>true</Visible>
      <Frozen>false</Frozen>
      <Position X="-3" Y="0" Z="1" />
      <Rotation X="-0.554837" Y="-0.442840159" Z="0.4441817" W="-0.5465815" />
      <Scaling>1</Scaling>
      <ImageName>blood3</ImageName>
      <Width>2</Width>
      <Height>2</Height>
      <Depth>0.25</Depth>
      <Emission Red="0" Green="0" Blue="0" Alpha="0" />
      <BaseColor R="64" G="3" B="3" A="255" />
      <Roughness>0.02</Roughness>
      <Metallic>0</Metallic>
      <ColorFactor>1</ColorFactor>
      <SpecularFactor>1</SpecularFactor>
      <NormalMapFactor>0</NormalMapFactor>
      <FalloffFactor>1</FalloffFactor>
    </MapNode>
    <MapNode xsi:type="MapDecal">
      <Visible>true</Visible>
      <Frozen>false</Frozen>
      <Position X="-2" Y="0" Z="-1" />
      <Rotation X="0.136374" Y="-0.68959" Z="0.697526753" W="0.139012158" />
      <Scaling>1</Scaling>
      <ImageName>blood3</ImageName>
      <Width>2</Width>
      <Height>2</Height>
      <Depth>0.25</Depth>
      <Emission Red="0" Green="0" Blue="0" Alpha="0" />
      <BaseColor R="64" G="3" B="3" A="255" />
      <Roughness>0.02</Roughness>
      <Metallic>0</Metallic>
      <ColorFactor>1</ColorFactor>
      <SpecularFactor>1</SpecularFactor>
      <NormalMapFactor>0</NormalMapFactor>
      <FalloffFactor>1</FalloffFactor>
    </MapNode>
    <MapNode xsi:type="MapDecal">
      <Visible>true</Visible>
      <Frozen>false</Frozen>
      <Position X="-1" Y="0" Z="-1" />
      <Rotation X="-0.328673184" Y="-0.625614941" Z="0.6301709" W="-0.3216593" />
      <Scaling>1</Scaling>
      <ImageName>blood3</ImageName>
      <Width>2</Width>
      <Height>2</Height>
      <Depth>0.25</Depth>
      <Emission Red="0" Green="0" Blue="0" Alpha="0" />
      <BaseColor R="64" G="3" B="3" A="255" />
      <Roughness>0.02</Roughness>
      <Metallic>0</Metallic>
      <ColorFactor>1</ColorFactor>
      <SpecularFactor>1</SpecularFactor>
      <NormalMapFactor>0</NormalMapFactor>
      <FalloffFactor>1</FalloffFactor>
    </MapNode>
    <MapNode xsi:type="MapDecal">
      <Visible>true</Visible>
      <Frozen>false</Frozen>
      <Position X="-3" Y="0" Z="0" />
      <Rotation X="-0.7022665" Y="0.104192548" Z="-0.109376416" W="-0.695703" />
      <Scaling>1</Scaling>
      <ImageName>blood3</ImageName>
      <Width>2</Width>
      <Height>2</Height>
      <Depth>0.25</Depth>
      <Emission Red="0" Green="0" Blue="0" Alpha="0" />
      <BaseColor R="64" G="3" B="3" A="255" />
      <Roughness>0.02</Roughness>
      <Metallic>0</Metallic>
      <ColorFactor>1</ColorFactor>
      <SpecularFactor>1</SpecularFactor>
      <NormalMapFactor>0</NormalMapFactor>
      <FalloffFactor>1</FalloffFactor>
    </MapNode>
    <MapNode xsi:type="MapLightProbe">
      <Visible>true</Visible>
      <Frozen>false</Frozen>
      <Position X="-23" Y="2" Z="2" />
      <Rotation X="0" Y="0" Z="0" W="1" />
      <Scaling>1</Scaling>
      <Width>8</Width>
      <Height>8</Height>
      <Depth>8</Depth>
      <Factor>1</Factor>
    </MapNode>
    <MapNode xsi:type="MapOmniLight">
      <Visible>true</Visible>
      <Frozen>false</Frozen>
      <Position X="11" Y="2" Z="22" />
      <Rotation X="0" Y="0" Z="0" W="1" />
      <Scaling>1</Scaling>
      <Intensity>500</Intensity>
      <Radius>5</Radius>
      <LightPreset>IncandescentStandard</LightPreset>
    </MapNode>
    <MapNode xsi:type="MapOmniLight">
      <Visible>true</Visible>
      <Frozen>false</Frozen>
      <Position X="-1" Y="2" Z="22" />
      <Rotation X="0" Y="0" Z="0" W="1" />
      <Scaling>1</Scaling>
      <Intensity>500</Intensity>
      <Radius>5</Radius>
      <LightPreset>IncandescentStandard</LightPreset>
    </MapNode>
  </Nodes>
</Map>