<?xml version="1.0" encoding="utf-8"?>
<Map xmlns:xsd="http://www.w3.org/2001/XMLSchema" xmlns:xsi="http://www.w3.org/2001/XMLSchema-instance">
  <Environment>
    <Gravity>16</Gravity>
    <SkyTrubidity>3</SkyTrubidity>
    <SunPosition X="-1" Y="2" Z="1" />
    <SunIntensity>100</SunIntensity>
    <FogDensity>0.001</FogDensity>
    <CharacterHeight>2</CharacterHeight>
    <CharacterSize>1.2</CharacterSize>
    <WalkableSlope>45</WalkableSlope>
    <StepHeight>45</StepHeight>
    <RecastCellHeight>0.25</RecastCellHeight>
    <RecastCellSize>0.25</RecastCellSize>
  </Environment>
  <Nodes>
    <MapNode xsi:type="MapEntity">
      <Visible>true</Visible>
      <Frozen>true</Frozen>
      <Position X="-7" Y="-0" Z="9" />
      <Rotation X="2.98023224E-08" Y="0" Z="0" W="0.99999994" />
      <Scaling>1</Scaling>
      <Factory xsi:type="StaticModelFactory">
        <Model>testMtrl</Model>
      </Factory>
    </MapNode>
    <MapNode xsi:type="MapEntity">
      <Visible>true</Visible>
      <Frozen>false</Frozen>
      <Position X="-3.5" Y="3.5" Z="7" />
      <Rotation X="0" Y="0" Z="0" W="1" />
      <Scaling>1</Scaling>
      <Factory xsi:type="FuncFXFactory">
        <FX>bullet_hit</FX>
        <FXMode>AutoTrigger</FXMode>
        <Once>false</Once>
        <Start>true</Start>
        <MinInterval>100</MinInterval>
        <MaxInterval>1000</MaxInterval>
      </Factory>
    </MapNode>
    <MapNode xsi:type="MapEntity">
      <Visible>true</Visible>
      <Frozen>false</Frozen>
      <Position X="-3.5" Y="3.5" Z="6" />
      <Rotation X="-0.117428519" Y="-0.838722467" Z="0.433838457" W="0.307472438" />
      <Scaling>1</Scaling>
      <Factory xsi:type="FuncFXFactory">
        <FX>bullet_hit</FX>
        <FXMode>AutoTrigger</FXMode>
        <Once>false</Once>
        <Start>true</Start>
        <MinInterval>100</MinInterval>
        <MaxInterval>1000</MaxInterval>
      </Factory>
    </MapNode>
    <MapNode xsi:type="MapEntity">
      <Visible>true</Visible>
      <Frozen>false</Frozen>
      <Position X="-1" Y="3.5" Z="6" />
      <Rotation X="-0.117428519" Y="-0.838722467" Z="0.433838457" W="0.307472438" />
      <Scaling>1</Scaling>
      <Factory xsi:type="FuncFXFactory">
        <FX>bullet_hit</FX>
        <FXMode>Trigger</FXMode>
        <Once>false</Once>
        <Start>true</Start>
        <MinInterval>100</MinInterval>
        <MaxInterval>1000</MaxInterval>
      </Factory>
    </MapNode>
    <MapNode xsi:type="MapEntity">
      <Visible>true</Visible>
      <Frozen>false</Frozen>
      <Position X="-3.50140047" Y="0.364294767" Z="9.55149" />
      <Rotation X="2.31204558E-05" Y="-0.6354782" Z="4.458851E-06" W="0.772118747" />
      <Scaling>1</Scaling>
      <Factory xsi:type="ProxyFactory">
        <Classname>box</Classname>
      </Factory>
    </MapNode>
    <MapNode xsi:type="MapEntity">
      <Visible>true</Visible>
      <Frozen>false</Frozen>
      <Position X="-2.52721143" Y="0.364192873" Z="9.604844" />
      <Rotation X="0.8969319" Y="-0.000821731752" Z="0.44216764" W="0.000564866932" />
      <Scaling>1</Scaling>
      <Factory xsi:type="ProxyFactory">
        <Classname>box</Classname>
      </Factory>
    </MapNode>
    <MapNode xsi:type="MapEntity">
      <Visible>true</Visible>
      <Frozen>false</Frozen>
      <Position X="-0.4898366" Y="0.364289373" Z="9.511692" />
      <Rotation X="0.176898167" Y="-0.684619844" Z="0.684623539" W="0.176898986" />
      <Scaling>1</Scaling>
      <Factory xsi:type="ProxyFactory">
        <Classname>box</Classname>
      </Factory>
    </MapNode>
    <MapNode xsi:type="MapEntity">
      <Visible>true</Visible>
      <Frozen>false</Frozen>
      <Position X="-1.520873" Y="0.3645117" Z="10.6229782" />
      <Rotation X="0.552434564" Y="0.4414833" Z="0.4417905" W="-0.5520234" />
      <Scaling>1</Scaling>
      <Factory xsi:type="ProxyFactory">
        <Classname>box</Classname>
      </Factory>
    </MapNode>
    <MapNode xsi:type="MapEntity">
      <Visible>true</Visible>
      <Frozen>false</Frozen>
      <Position X="-3.375" Y="0.375" Z="0.625" />
      <Rotation X="4.453722E-07" Y="0.992167056" Z="-4.34458173E-07" W="-0.1249183" />
      <Scaling>1</Scaling>
      <Factory xsi:type="ProxyFactory">
        <Classname>box</Classname>
      </Factory>
    </MapNode>
    <MapNode xsi:type="MapEntity">
      <Visible>true</Visible>
      <Frozen>false</Frozen>
      <Position X="-2.49476528" Y="0.364311367" Z="10.9980726" />
      <Rotation X="0.66896385" Y="-3.60322119E-05" Z="-0.7432949" W="-1.81223174E-06" />
      <Scaling>1</Scaling>
      <Factory xsi:type="ProxyFactory">
        <Classname>box</Classname>
      </Factory>
    </MapNode>
    <MapNode xsi:type="MapEntity">
      <Visible>true</Visible>
      <Frozen>false</Frozen>
      <Position X="8.503034" Y="0.364292324" Z="3.995373" />
      <Rotation X="-0.124374941" Y="-9.00169042E-08" Z="-0.992235243" W="8.15199144E-08" />
      <Scaling>1</Scaling>
      <Factory xsi:type="ProxyFactory">
        <Classname>box</Classname>
      </Factory>
    </MapNode>
    <MapNode xsi:type="MapEntity">
      <Visible>true</Visible>
      <Frozen>false</Frozen>
      <Position X="-3.04794717" Y="0.363351017" Z="8.437831" />
      <Rotation X="0.00042388367" Y="-0.7979786" Z="-0.00025145337" W="0.60268563" />
      <Scaling>1</Scaling>
      <Factory xsi:type="ProxyFactory">
        <Classname>box</Classname>
      </Factory>
    </MapNode>
    <MapNode xsi:type="MapEntity">
      <Visible>true</Visible>
      <Frozen>false</Frozen>
      <Position X="-1.91619563" Y="0.9139431" Z="9.259282" />
      <Rotation X="0.867935359" Y="-0.07182546" Z="0.361018062" W="-0.333459437" />
      <Scaling>1</Scaling>
      <Factory xsi:type="ProxyFactory">
        <Classname>box</Classname>
      </Factory>
    </MapNode>
    <MapNode xsi:type="MapEntity">
      <Visible>true</Visible>
      <Frozen>false</Frozen>
      <Position X="-4.514964" Y="0.364296436" Z="9.505032" />
      <Rotation X="0.698039353" Y="-0.11288809" Z="0.11289034" W="0.6980352" />
      <Scaling>1</Scaling>
      <Factory xsi:type="ProxyFactory">
        <Classname>box</Classname>
      </Factory>
    </MapNode>
    <MapNode xsi:type="MapEntity">
      <Visible>true</Visible>
      <Frozen>false</Frozen>
      <Position X="-4.75283432" Y="0.489434123" Z="7.42073" />
      <Rotation X="-0.63773185" Y="-0.637738049" Z="-0.305439055" W="-0.30544278" />
      <Scaling>1</Scaling>
      <Factory xsi:type="ProxyFactory">
        <Classname>box</Classname>
      </Factory>
    </MapNode>
    <MapNode xsi:type="MapEntity">
      <Visible>true</Visible>
      <Frozen>false</Frozen>
      <Position X="-4.01062536" Y="0.3637414" Z="8.428929" />
      <Rotation X="0.0004231338" Y="-0.871899" Z="0.000361618324" W="0.4896854" />
      <Scaling>1</Scaling>
      <Factory xsi:type="ProxyFactory">
        <Classname>box</Classname>
      </Factory>
    </MapNode>
    <MapNode xsi:type="MapEntity">
      <Visible>true</Visible>
      <Frozen>false</Frozen>
      <Position X="-1.99020827" Y="0.3640499" Z="8.483636" />
      <Rotation X="0.9941337" Y="1.21064431E-05" Z="0.108157307" W="-0.0003410054" />
      <Scaling>1</Scaling>
      <Factory xsi:type="ProxyFactory">
        <Classname>box</Classname>
      </Factory>
    </MapNode>
    <MapNode xsi:type="MapEntity">
      <Visible>true</Visible>
      <Frozen>false</Frozen>
      <Position X="-5.141954" Y="0.364290476" Z="8.135725" />
      <Rotation X="0.6380566" Y="-0.304767072" Z="0.304766983" W="0.638058" />
      <Scaling>1</Scaling>
      <Factory xsi:type="ProxyFactory">
        <Classname>box</Classname>
      </Factory>
    </MapNode>
    <MapNode xsi:type="MapEntity">
      <Visible>true</Visible>
      <Frozen>false</Frozen>
      <Position X="-6.00004864" Y="0.364291" Z="6.99951363" />
      <Rotation X="0.4484775" Y="-7.753682E-07" Z="0.8937941" W="9.577712E-07" />
      <Scaling>1</Scaling>
      <Factory xsi:type="ProxyFactory">
        <Classname>box</Classname>
      </Factory>
    </MapNode>
    <MapNode xsi:type="MapEntity">
      <Visible>true</Visible>
      <Frozen>false</Frozen>
      <Position X="-4.00942469" Y="1.103169" Z="8.499376" />
      <Rotation X="0.9257019" Y="0.00189319835" Z="0.3782485" W="-0.000679762743" />
      <Scaling>1</Scaling>
      <Factory xsi:type="ProxyFactory">
        <Classname>box</Classname>
      </Factory>
    </MapNode>
    <MapNode xsi:type="MapEntity">
      <Visible>true</Visible>
      <Frozen>false</Frozen>
      <Position X="-5.983012" Y="0.364320844" Z="5.488957" />
      <Rotation X="-0.0508041419" Y="-0.7052762" Z="0.7052792" W="-0.05084965" />
      <Scaling>1</Scaling>
      <Factory xsi:type="ProxyFactory">
        <Classname>box</Classname>
      </Factory>
    </MapNode>
    <MapNode xsi:type="MapDecal">
      <Visible>true</Visible>
      <Frozen>false</Frozen>
      <Position X="-4.5" Y="-0.5" Z="7" />
      <Rotation X="-0.271671474" Y="-0.654732049" Z="-0.6498807" W="0.274181724" />
      <Scaling>1</Scaling>
      <ImageName />
      <Width>1</Width>
      <Height>5</Height>
      <Depth>0.25</Depth>
      <Emission Red="0" Green="0" Blue="0" Alpha="0" />
      <BaseColor R="128" G="0" B="128" A="255" />
      <Roughness>0.05</Roughness>
      <Metallic>0.5</Metallic>
      <ColorFactor>1</ColorFactor>
      <SpecularFactor>1</SpecularFactor>
      <NormalMapFactor>1</NormalMapFactor>
      <FalloffFactor>0.5</FalloffFactor>
    </MapNode>
    <MapNode xsi:type="MapEntity">
      <Visible>true</Visible>
      <Frozen>false</Frozen>
      <Position X="-6" Y="0" Z="-12" />
      <Rotation X="-0.0479592644" Y="-0.705354452" Z="0.7056154" W="-0.04776915" />
      <Scaling>1</Scaling>
      <Factory xsi:type="ProxyFactory">
        <Classname>box</Classname>
      </Factory>
    </MapNode>
    <MapNode xsi:type="MapEntity">
      <Visible>true</Visible>
      <Frozen>false</Frozen>
      <Position X="22" Y="1.625" Z="-8" />
      <Rotation X="-0.332230926" Y="-0.6241919" Z="0.6243523" W="-0.331950784" />
      <Scaling>1</Scaling>
      <Factory xsi:type="ProxyFactory">
        <Classname>box</Classname>
      </Factory>
    </MapNode>
    <MapNode xsi:type="MapEntity">
      <Visible>true</Visible>
      <Frozen>false</Frozen>
      <Position X="22" Y="1.625" Z="6.5" />
      <Rotation X="-0.332230926" Y="-0.6241919" Z="0.6243523" W="-0.331950784" />
      <Scaling>1</Scaling>
      <Factory xsi:type="ProxyFactory">
        <Classname>box</Classname>
      </Factory>
    </MapNode>
    <MapNode xsi:type="MapEntity">
      <Visible>true</Visible>
      <Frozen>false</Frozen>
      <Position X="22" Y="1.625" Z="21" />
      <Rotation X="-0.332230926" Y="-0.6241919" Z="0.6243523" W="-0.331950784" />
      <Scaling>1</Scaling>
      <Factory xsi:type="ProxyFactory">
        <Classname>box</Classname>
      </Factory>
    </MapNode>
    <MapNode xsi:type="MapEntity">
      <Visible>true</Visible>
      <Frozen>false</Frozen>
      <Position X="-6" Y="0" Z="-22.5" />
      <Rotation X="-0.0479592644" Y="-0.705354452" Z="0.7056154" W="-0.04776915" />
      <Scaling>1</Scaling>
      <Factory xsi:type="ProxyFactory">
        <Classname>box</Classname>
      </Factory>
    </MapNode>
    <MapNode xsi:type="MapDecal">
      <Visible>true</Visible>
      <Frozen>false</Frozen>
      <Position X="-23.125" Y="4" Z="25.75" />
      <Rotation X="-0.690333366" Y="-0.207412764" Z="-0.2237604" W="0.6560116" />
      <Scaling>1</Scaling>
      <ImageName>acid1</ImageName>
      <Width>2</Width>
      <Height>2</Height>
      <Depth>1</Depth>
      <Emission Red="0" Green="0" Blue="0" Alpha="0" />
      <BaseColor R="0" G="0" B="1" A="255" />
      <Roughness>0.2</Roughness>
      <Metallic>0</Metallic>
      <ColorFactor>1</ColorFactor>
      <SpecularFactor>1</SpecularFactor>
      <NormalMapFactor>-1</NormalMapFactor>
      <FalloffFactor>0.5</FalloffFactor>
    </MapNode>
    <MapNode xsi:type="MapDecal">
      <Visible>true</Visible>
      <Frozen>false</Frozen>
      <Position X="-38.5" Y="3.625" Z="10" />
      <Rotation X="-0.5535698" Y="-0.6648306" Z="0.4269086" W="-0.263267368" />
      <Scaling>1</Scaling>
      <ImageName>blood3</ImageName>
      <Width>2</Width>
      <Height>2</Height>
      <Depth>1</Depth>
      <Emission Red="0" Green="0" Blue="0" Alpha="0" />
      <BaseColor R="67" G="1" B="1" A="255" />
      <Roughness>0.005</Roughness>
      <Metallic>0</Metallic>
      <ColorFactor>1</ColorFactor>
      <SpecularFactor>1</SpecularFactor>
      <NormalMapFactor>0</NormalMapFactor>
      <FalloffFactor>4</FalloffFactor>
    </MapNode>
    <MapNode xsi:type="MapDecal">
      <Visible>true</Visible>
      <Frozen>false</Frozen>
      <Position X="-22.875" Y="4" Z="25.375" />
      <Rotation X="-0.690333366" Y="-0.207412764" Z="-0.2237604" W="0.6560116" />
      <Scaling>1</Scaling>
      <ImageName>blood1</ImageName>
      <Width>2</Width>
      <Height>2</Height>
      <Depth>1</Depth>
      <Emission Red="0" Green="0" Blue="0" Alpha="0" />
      <BaseColor R="67" G="1" B="1" A="255" />
      <Roughness>0.01</Roughness>
      <Metallic>0</Metallic>
      <ColorFactor>1</ColorFactor>
      <SpecularFactor>1</SpecularFactor>
      <NormalMapFactor>-1</NormalMapFactor>
      <FalloffFactor>0.5</FalloffFactor>
    </MapNode>
    <MapNode xsi:type="MapDecal">
      <Visible>true</Visible>
      <Frozen>false</Frozen>
      <Position X="-22.25" Y="4" Z="25.75" />
      <Rotation X="-0.6495056" Y="-0.0189138353" Z="-0.313374728" W="0.6925179" />
      <Scaling>1</Scaling>
      <ImageName>acid1</ImageName>
      <Width>2</Width>
      <Height>2</Height>
      <Depth>1</Depth>
      <Emission Red="0" Green="0" Blue="0" Alpha="0" />
      <BaseColor R="0" G="0" B="1" A="255" />
      <Roughness>0.2</Roughness>
      <Metallic>1</Metallic>
      <ColorFactor>0</ColorFactor>
      <SpecularFactor>1</SpecularFactor>
      <NormalMapFactor>-1</NormalMapFactor>
      <FalloffFactor>0.5</FalloffFactor>
    </MapNode>
    <MapNode xsi:type="MapDecal">
      <Visible>true</Visible>
      <Frozen>false</Frozen>
      <Position X="-22.25" Y="3.75" Z="24.875" />
      <Rotation X="-0.418506861" Y="-0.7164503" Z="-0.5336335" W="0.163665831" />
      <Scaling>1</Scaling>
      <ImageName>blood1</ImageName>
      <Width>2</Width>
      <Height>2</Height>
      <Depth>1</Depth>
      <Emission Red="1000" Green="0" Blue="0" Alpha="0" />
      <BaseColor R="67" G="1" B="1" A="255" />
      <Roughness>0.01</Roughness>
      <Metallic>0</Metallic>
      <ColorFactor>0</ColorFactor>
      <SpecularFactor>0</SpecularFactor>
      <NormalMapFactor>-1</NormalMapFactor>
      <FalloffFactor>0.5</FalloffFactor>
    </MapNode>
    <MapNode xsi:type="MapDecal">
      <Visible>true</Visible>
      <Frozen>false</Frozen>
      <Position X="-21.375" Y="2.75" Z="24.875" />
      <Rotation X="-0.7744833" Y="-0.297698677" Z="-0.5188551" W="-0.205768272" />
      <Scaling>1</Scaling>
      <ImageName>blood1</ImageName>
      <Width>2</Width>
      <Height>2</Height>
      <Depth>1</Depth>
      <Emission Red="1000" Green="0" Blue="0" Alpha="0" />
      <BaseColor R="67" G="1" B="1" A="255" />
      <Roughness>0.01</Roughness>
      <Metallic>0</Metallic>
      <ColorFactor>0</ColorFactor>
      <SpecularFactor>0</SpecularFactor>
      <NormalMapFactor>-1</NormalMapFactor>
      <FalloffFactor>0.5</FalloffFactor>
    </MapNode>
    <MapNode xsi:type="MapDecal">
      <Visible>true</Visible>
      <Frozen>false</Frozen>
      <Position X="-3.125" Y="0" Z="-0.5" />
      <Rotation X="0.199937284" Y="-0.6738854" Z="0.682031155" W="0.201834425" />
      <Scaling>1</Scaling>
      <ImageName>blood3</ImageName>
      <Width>2</Width>
      <Height>2</Height>
      <Depth>0.25</Depth>
      <Emission Red="0" Green="0" Blue="0" Alpha="0" />
      <BaseColor R="64" G="3" B="3" A="255" />
      <Roughness>0.02</Roughness>
      <Metallic>0</Metallic>
      <ColorFactor>1</ColorFactor>
      <SpecularFactor>1</SpecularFactor>
      <NormalMapFactor>1</NormalMapFactor>
      <FalloffFactor>1</FalloffFactor>
    </MapNode>
    <MapNode xsi:type="MapDecal">
      <Visible>true</Visible>
      <Frozen>false</Frozen>
      <Position X="-3" Y="0" Z="-1.125" />
      <Rotation X="-0.377834976" Y="-0.596595" Z="0.594385266" W="-0.3847354" />
      <Scaling>1</Scaling>
      <ImageName>blood3</ImageName>
      <Width>8</Width>
      <Height>8</Height>
      <Depth>0.25</Depth>
      <Emission Red="0" Green="0" Blue="0" Alpha="0" />
      <BaseColor R="105" G="115" B="110" A="255" />
      <Roughness>0.01</Roughness>
      <Metallic>0</Metallic>
      <ColorFactor>0</ColorFactor>
      <SpecularFactor>1</SpecularFactor>
      <NormalMapFactor>1</NormalMapFactor>
      <FalloffFactor>1</FalloffFactor>
    </MapNode>
    <MapNode xsi:type="MapDecal">
      <Visible>true</Visible>
      <Frozen>false</Frozen>
      <Position X="-3.125" Y="0.75" Z="0.5" />
      <Rotation X="-0.09659922" Y="-0.6975246" Z="0.7027011" W="-0.10168241" />
      <Scaling>1</Scaling>
      <ImageName>blood3</ImageName>
      <Width>2</Width>
      <Height>2</Height>
      <Depth>5</Depth>
      <Emission Red="0" Green="0" Blue="0" Alpha="0" />
      <BaseColor R="64" G="3" B="3" A="255" />
      <Roughness>0.02</Roughness>
      <Metallic>0</Metallic>
      <ColorFactor>1</ColorFactor>
      <SpecularFactor>1</SpecularFactor>
      <NormalMapFactor>1</NormalMapFactor>
      <FalloffFactor>1</FalloffFactor>
    </MapNode>
    <MapNode xsi:type="MapDecal">
      <Visible>true</Visible>
      <Frozen>false</Frozen>
      <Position X="7.125" Y="1.5" Z="8.75" />
      <Rotation X="0.492815644" Y="-0.502995849" Z="0.349278539" W="-0.6181687" />
      <Scaling>1</Scaling>
      <ImageName>bulletHit</ImageName>
      <Width>0.2</Width>
      <Height>0.2</Height>
      <Depth>0.25</Depth>
      <Emission Red="0" Green="0" Blue="0" Alpha="0" />
      <BaseColor R="0" G="0" B="0" A="255" />
      <Roughness>0.2</Roughness>
      <Metallic>1</Metallic>
      <ColorFactor>1</ColorFactor>
      <SpecularFactor>1</SpecularFactor>
      <NormalMapFactor>2</NormalMapFactor>
      <FalloffFactor>0.5</FalloffFactor>
    </MapNode>
    <MapNode xsi:type="MapDecal">
      <Visible>true</Visible>
      <Frozen>false</Frozen>
      <Position X="0.25" Y="0" Z="4.875" />
      <Rotation X="-0.09659922" Y="-0.6975246" Z="0.7027011" W="-0.10168241" />
      <Scaling>1</Scaling>
      <ImageName>bulletHit</ImageName>
      <Width>0.2</Width>
      <Height>0.2</Height>
      <Depth>0.25</Depth>
      <Emission Red="0" Green="0" Blue="0" Alpha="0" />
      <BaseColor R="0" G="0" B="0" A="255" />
      <Roughness>0.2</Roughness>
      <Metallic>1</Metallic>
      <ColorFactor>1</ColorFactor>
      <SpecularFactor>1</SpecularFactor>
      <NormalMapFactor>5</NormalMapFactor>
      <FalloffFactor>0.5</FalloffFactor>
    </MapNode>
    <MapNode xsi:type="MapDecal">
      <Visible>true</Visible>
      <Frozen>false</Frozen>
      <Position X="-22.5" Y="3.625" Z="10" />
      <Rotation X="-0.5535698" Y="-0.6648306" Z="0.4269086" W="-0.263267368" />
      <Scaling>1</Scaling>
      <ImageName>blood3</ImageName>
      <Width>2</Width>
      <Height>2</Height>
      <Depth>1</Depth>
      <Emission Red="0" Green="0" Blue="0" Alpha="0" />
      <BaseColor R="67" G="1" B="1" A="255" />
      <Roughness>0.005</Roughness>
      <Metallic>0</Metallic>
      <ColorFactor>1</ColorFactor>
      <SpecularFactor>1</SpecularFactor>
      <NormalMapFactor>0</NormalMapFactor>
      <FalloffFactor>4</FalloffFactor>
    </MapNode>
    <MapNode xsi:type="MapDecal">
      <Visible>true</Visible>
      <Frozen>false</Frozen>
      <Position X="-38.5" Y="3.625" Z="25.75" />
      <Rotation X="-0.5535698" Y="-0.6648306" Z="0.4269086" W="-0.263267368" />
      <Scaling>1</Scaling>
      <ImageName>blood3</ImageName>
      <Width>2</Width>
      <Height>2</Height>
      <Depth>1</Depth>
      <Emission Red="0" Green="0" Blue="0" Alpha="0" />
      <BaseColor R="67" G="1" B="1" A="255" />
      <Roughness>0.005</Roughness>
      <Metallic>0</Metallic>
      <ColorFactor>1</ColorFactor>
      <SpecularFactor>1</SpecularFactor>
      <NormalMapFactor>0</NormalMapFactor>
      <FalloffFactor>8</FalloffFactor>
    </MapNode>
  </Nodes>
</Map>