<?xml version="1.0" encoding="utf-16"?>
<Map xmlns:xsd="http://www.w3.org/2001/XMLSchema" xmlns:xsi="http://www.w3.org/2001/XMLSchema-instance">
  <BaseScene>scenes\mtrlTest.fbx</BaseScene>
  <Nodes>
    <MapNode>
      <NodePath>(root)</NodePath>
      <Factory xsi:type="CharacterFactory">
        <MaxHealth>100</MaxHealth>
        <Height>1.7</Height>
        <CrouchingHeight>1.19</CrouchingHeight>
        <Radius>0.6</Radius>
        <Margin>0.1</Margin>
        <Mass>10</Mass>
        <MaximumTractionSlope>0.8</MaximumTractionSlope>
        <MaximumSupportSlope>1.3</MaximumSupportSlope>
        <StandingSpeed>8</StandingSpeed>
        <CrouchingSpeed>3</CrouchingSpeed>
        <TractionForce>1000</TractionForce>
        <SlidingSpeed>6</SlidingSpeed>
        <SlidingForce>50</SlidingForce>
        <AirSpeed>1</AirSpeed>
        <AirForce>250</AirForce>
        <JumpSpeed>6</JumpSpeed>
        <SlidingJumpSpeed>3</SlidingJumpSpeed>
        <MaximumGlueForce>5000</MaximumGlueForce>
        <MaxStepHeight>0.5</MaxStepHeight>
      </Factory>
    </MapNode>
    <MapNode>
      <NodePath>entity_startPoint</NodePath>
      <Factory xsi:type="NullFactory" />
    </MapNode>
    <MapNode>
      <NodePath>entity_camera</NodePath>
      <Factory xsi:type="CharacterFactory">
        <MaxHealth>100</MaxHealth>
        <Height>1.7</Height>
        <CrouchingHeight>1.19</CrouchingHeight>
        <Radius>0.6</Radius>
        <Margin>0.1</Margin>
        <Mass>10</Mass>
        <MaximumTractionSlope>0.8</MaximumTractionSlope>
        <MaximumSupportSlope>1.3</MaximumSupportSlope>
        <StandingSpeed>8</StandingSpeed>
        <CrouchingSpeed>3</CrouchingSpeed>
        <TractionForce>1000</TractionForce>
        <SlidingSpeed>6</SlidingSpeed>
        <SlidingForce>50</SlidingForce>
        <AirSpeed>1</AirSpeed>
        <AirForce>250</AirForce>
        <JumpSpeed>6</JumpSpeed>
        <SlidingJumpSpeed>3</SlidingJumpSpeed>
        <MaximumGlueForce>5000</MaximumGlueForce>
        <MaxStepHeight>0.5</MaxStepHeight>
      </Factory>
    </MapNode>
    <MapNode>
      <NodePath>pPlane1</NodePath>
      <Factory xsi:type="RigidBodyFactory">
        <Width>1</Width>
        <Height>1</Height>
        <Depth>1</Depth>
        <Mass>1</Mass>
        <Model />
      </Factory>
    </MapNode>
    <MapNode>
      <NodePath>pCube1</NodePath>
      <Factory xsi:type="RigidBodyFactory">
        <Width>1</Width>
        <Height>1</Height>
        <Depth>1</Depth>
        <Mass>1</Mass>
        <Model />
      </Factory>
    </MapNode>
    <MapNode>
      <NodePath>pCube2</NodePath>
      <Factory xsi:type="RigidBodyFactory">
        <Width>1</Width>
        <Height>1</Height>
        <Depth>1</Depth>
        <Mass>1</Mass>
        <Model />
      </Factory>
    </MapNode>
    <MapNode>
      <NodePath>pCube3</NodePath>
      <Factory xsi:type="RigidBodyFactory">
        <Width>1</Width>
        <Height>1</Height>
        <Depth>1</Depth>
        <Mass>1</Mass>
        <Model />
      </Factory>
    </MapNode>
    <MapNode>
      <NodePath>pCube4</NodePath>
      <Factory xsi:type="StaticFactory">
        <Visible>true</Visible>
        <Collidable>true</Collidable>
      </Factory>
    </MapNode>
    <MapNode>
      <NodePath>pCube5</NodePath>
      <Factory xsi:type="RigidBodyFactory">
        <Width>1</Width>
        <Height>1</Height>
        <Depth>1</Depth>
        <Mass>1</Mass>
        <Model />
      </Factory>
    </MapNode>
    <MapNode>
      <NodePath>pCube6</NodePath>
      <Factory xsi:type="RigidBodyFactory">
        <Width>1</Width>
        <Height>1</Height>
        <Depth>1</Depth>
        <Mass>1</Mass>
        <Model />
      </Factory>
    </MapNode>
    <MapNode>
      <NodePath>pCube7</NodePath>
      <Factory xsi:type="RigidBodyFactory">
        <Width>1</Width>
        <Height>1</Height>
        <Depth>1</Depth>
        <Mass>1</Mass>
        <Model />
      </Factory>
    </MapNode>
    <MapNode>
      <NodePath>pCube8</NodePath>
      <Factory xsi:type="RigidBodyFactory">
        <Width>1</Width>
        <Height>1</Height>
        <Depth>1</Depth>
        <Mass>1</Mass>
        <Model />
      </Factory>
    </MapNode>
    <MapNode>
      <NodePath>pCube9</NodePath>
      <Factory xsi:type="RigidBodyFactory">
        <Width>1</Width>
        <Height>1</Height>
        <Depth>1</Depth>
        <Mass>1</Mass>
        <Model />
      </Factory>
    </MapNode>
    <MapNode>
      <NodePath>pCube10</NodePath>
      <Factory xsi:type="RigidBodyFactory">
        <Width>1</Width>
        <Height>1</Height>
        <Depth>1</Depth>
        <Mass>1</Mass>
        <Model />
      </Factory>
    </MapNode>
    <MapNode>
      <NodePath>pCube11</NodePath>
      <Factory xsi:type="RigidBodyFactory">
        <Width>1</Width>
        <Height>1</Height>
        <Depth>1</Depth>
        <Mass>1</Mass>
        <Model />
      </Factory>
    </MapNode>
    <MapNode>
      <NodePath>pCube12</NodePath>
      <Factory xsi:type="RigidBodyFactory">
        <Width>1</Width>
        <Height>1</Height>
        <Depth>1</Depth>
        <Mass>1</Mass>
        <Model />
      </Factory>
    </MapNode>
    <MapNode>
      <NodePath>pCube13</NodePath>
      <Factory xsi:type="RigidBodyFactory">
        <Width>1</Width>
        <Height>1</Height>
        <Depth>1</Depth>
        <Mass>1</Mass>
        <Model />
      </Factory>
    </MapNode>
    <MapNode>
      <NodePath>pCube14</NodePath>
      <Factory xsi:type="RigidBodyFactory">
        <Width>1</Width>
        <Height>1</Height>
        <Depth>1</Depth>
        <Mass>1</Mass>
        <Model />
      </Factory>
    </MapNode>
    <MapNode>
      <NodePath>pCube15</NodePath>
      <Factory xsi:type="RigidBodyFactory">
        <Width>1</Width>
        <Height>1</Height>
        <Depth>1</Depth>
        <Mass>1</Mass>
        <Model />
      </Factory>
    </MapNode>
    <MapNode>
      <NodePath>pCube16</NodePath>
      <Factory xsi:type="RigidBodyFactory">
        <Width>1</Width>
        <Height>1</Height>
        <Depth>1</Depth>
        <Mass>1</Mass>
        <Model />
      </Factory>
    </MapNode>
    <MapNode>
      <NodePath>pCube17</NodePath>
      <Factory xsi:type="RigidBodyFactory">
        <Width>1</Width>
        <Height>1</Height>
        <Depth>1</Depth>
        <Mass>1</Mass>
        <Model />
      </Factory>
    </MapNode>
    <MapNode>
      <NodePath>pCube18</NodePath>
      <Factory xsi:type="RigidBodyFactory">
        <Width>1</Width>
        <Height>1</Height>
        <Depth>1</Depth>
        <Mass>1</Mass>
        <Model />
      </Factory>
    </MapNode>
    <MapNode>
      <NodePath>pCube19</NodePath>
      <Factory xsi:type="RigidBodyFactory">
        <Width>1</Width>
        <Height>1</Height>
        <Depth>1</Depth>
        <Mass>1</Mass>
        <Model />
      </Factory>
    </MapNode>
    <MapNode>
      <NodePath>pCube20</NodePath>
      <Factory xsi:type="RigidBodyFactory">
        <Width>1</Width>
        <Height>1</Height>
        <Depth>1</Depth>
        <Mass>1</Mass>
        <Model />
      </Factory>
    </MapNode>
    <MapNode>
      <NodePath>pCube21</NodePath>
      <Factory xsi:type="RigidBodyFactory">
        <Width>1</Width>
        <Height>1</Height>
        <Depth>1</Depth>
        <Mass>1</Mass>
        <Model />
      </Factory>
    </MapNode>
    <MapNode>
      <NodePath>pCube22</NodePath>
      <Factory xsi:type="RigidBodyFactory">
        <Width>1</Width>
        <Height>1</Height>
        <Depth>1</Depth>
        <Mass>1</Mass>
        <Model />
      </Factory>
    </MapNode>
    <MapNode>
      <NodePath>pCube23</NodePath>
      <Factory xsi:type="RigidBodyFactory">
        <Width>1</Width>
        <Height>1</Height>
        <Depth>1</Depth>
        <Mass>1</Mass>
        <Model />
      </Factory>
    </MapNode>
    <MapNode>
      <NodePath>pCube24</NodePath>
      <Factory xsi:type="RigidBodyFactory">
        <Width>1</Width>
        <Height>1</Height>
        <Depth>1</Depth>
        <Mass>1</Mass>
        <Model />
      </Factory>
    </MapNode>
    <MapNode>
      <NodePath>pCube25</NodePath>
      <Factory xsi:type="RigidBodyFactory">
        <Width>1</Width>
        <Height>1</Height>
        <Depth>1</Depth>
        <Mass>1</Mass>
        <Model />
      </Factory>
    </MapNode>
    <MapNode>
      <NodePath>pCube26</NodePath>
      <Factory xsi:type="RigidBodyFactory">
        <Width>1</Width>
        <Height>1</Height>
        <Depth>1</Depth>
        <Mass>1</Mass>
        <Model />
      </Factory>
    </MapNode>
    <MapNode>
      <NodePath>pCube27</NodePath>
      <Factory xsi:type="RigidBodyFactory">
        <Width>1</Width>
        <Height>1</Height>
        <Depth>1</Depth>
        <Mass>1</Mass>
        <Model />
      </Factory>
    </MapNode>
    <MapNode>
      <NodePath>pCube28</NodePath>
      <Factory xsi:type="RigidBodyFactory">
        <Width>1</Width>
        <Height>1</Height>
        <Depth>1</Depth>
        <Mass>1</Mass>
        <Model />
      </Factory>
    </MapNode>
    <MapNode>
      <NodePath>pCube29</NodePath>
      <Factory xsi:type="RigidBodyFactory">
        <Width>1</Width>
        <Height>1</Height>
        <Depth>1</Depth>
        <Mass>1</Mass>
        <Model />
      </Factory>
    </MapNode>
    <MapNode>
      <NodePath>pCube30</NodePath>
      <Factory xsi:type="RigidBodyFactory">
        <Width>1</Width>
        <Height>1</Height>
        <Depth>1</Depth>
        <Mass>1</Mass>
        <Model />
      </Factory>
    </MapNode>
    <MapNode>
      <NodePath>pCube31</NodePath>
      <Factory xsi:type="RigidBodyFactory">
        <Width>1</Width>
        <Height>1</Height>
        <Depth>1</Depth>
        <Mass>1</Mass>
        <Model />
      </Factory>
    </MapNode>
    <MapNode>
      <NodePath>cubes</NodePath>
      <Factory xsi:type="RigidBodyFactory">
        <Width>1</Width>
        <Height>1</Height>
        <Depth>1</Depth>
        <Mass>1</Mass>
        <Model />
      </Factory>
    </MapNode>
    <MapNode>
      <NodePath>pCube33</NodePath>
      <Factory xsi:type="RigidBodyFactory">
        <Width>1</Width>
        <Height>1</Height>
        <Depth>1</Depth>
        <Mass>1</Mass>
        <Model />
      </Factory>
    </MapNode>
    <MapNode>
      <NodePath>pCube34</NodePath>
      <Factory xsi:type="RigidBodyFactory">
        <Width>1</Width>
        <Height>1</Height>
        <Depth>1</Depth>
        <Mass>1</Mass>
        <Model />
      </Factory>
    </MapNode>
    <MapNode>
      <NodePath>cubes1</NodePath>
      <Factory xsi:type="RigidBodyFactory">
        <Width>1</Width>
        <Height>1</Height>
        <Depth>1</Depth>
        <Mass>1</Mass>
        <Model />
      </Factory>
    </MapNode>
    <MapNode>
      <NodePath>pCube36</NodePath>
      <Factory xsi:type="RigidBodyFactory">
        <Width>1</Width>
        <Height>1</Height>
        <Depth>1</Depth>
        <Mass>1</Mass>
        <Model />
      </Factory>
    </MapNode>
    <MapNode>
      <NodePath>pCube37</NodePath>
      <Factory xsi:type="RigidBodyFactory">
        <Width>1</Width>
        <Height>1</Height>
        <Depth>1</Depth>
        <Mass>1</Mass>
        <Model />
      </Factory>
    </MapNode>
    <MapNode>
      <NodePath>pCube38</NodePath>
      <Factory xsi:type="RigidBodyFactory">
        <Width>1</Width>
        <Height>1</Height>
        <Depth>1</Depth>
        <Mass>1</Mass>
        <Model />
      </Factory>
    </MapNode>
    <MapNode>
      <NodePath>pCube39</NodePath>
      <Factory xsi:type="RigidBodyFactory">
        <Width>1</Width>
        <Height>1</Height>
        <Depth>1</Depth>
        <Mass>1</Mass>
        <Model />
      </Factory>
    </MapNode>
    <MapNode>
      <NodePath>pCube40</NodePath>
      <Factory xsi:type="RigidBodyFactory">
        <Width>1</Width>
        <Height>1</Height>
        <Depth>1</Depth>
        <Mass>1</Mass>
        <Model />
      </Factory>
    </MapNode>
    <MapNode>
      <NodePath>pCube41</NodePath>
      <Factory xsi:type="RigidBodyFactory">
        <Width>1</Width>
        <Height>1</Height>
        <Depth>1</Depth>
        <Mass>1</Mass>
        <Model />
      </Factory>
    </MapNode>
    <MapNode>
      <NodePath>pCube42</NodePath>
      <Factory xsi:type="RigidBodyFactory">
        <Width>1</Width>
        <Height>1</Height>
        <Depth>1</Depth>
        <Mass>1</Mass>
        <Model />
      </Factory>
    </MapNode>
    <MapNode>
      <NodePath>pCube43</NodePath>
      <Factory xsi:type="RigidBodyFactory">
        <Width>1</Width>
        <Height>1</Height>
        <Depth>1</Depth>
        <Mass>1</Mass>
        <Model />
      </Factory>
    </MapNode>
    <MapNode>
      <NodePath>cubes2</NodePath>
      <Factory xsi:type="RigidBodyFactory">
        <Width>1</Width>
        <Height>1</Height>
        <Depth>1</Depth>
        <Mass>1</Mass>
        <Model />
      </Factory>
    </MapNode>
    <MapNode>
      <NodePath>pCube45</NodePath>
      <Factory xsi:type="RigidBodyFactory">
        <Width>1</Width>
        <Height>1</Height>
        <Depth>1</Depth>
        <Mass>1</Mass>
        <Model />
      </Factory>
    </MapNode>
    <MapNode>
      <NodePath>pCube46</NodePath>
      <Factory xsi:type="RigidBodyFactory">
        <Width>1</Width>
        <Height>1</Height>
        <Depth>1</Depth>
        <Mass>1</Mass>
        <Model />
      </Factory>
    </MapNode>
    <MapNode>
      <NodePath>cubes3</NodePath>
      <Factory xsi:type="RigidBodyFactory">
        <Width>1</Width>
        <Height>1</Height>
        <Depth>1</Depth>
        <Mass>1</Mass>
        <Model />
      </Factory>
    </MapNode>
    <MapNode>
      <NodePath>pCube48</NodePath>
      <Factory xsi:type="RigidBodyFactory">
        <Width>1</Width>
        <Height>1</Height>
        <Depth>1</Depth>
        <Mass>1</Mass>
        <Model />
      </Factory>
    </MapNode>
    <MapNode>
      <NodePath>pPipe1</NodePath>
      <Factory xsi:type="RigidBodyFactory">
        <Width>1</Width>
        <Height>1</Height>
        <Depth>1</Depth>
        <Mass>1</Mass>
        <Model />
      </Factory>
    </MapNode>
    <MapNode>
      <NodePath>pPipe2</NodePath>
      <Factory xsi:type="RigidBodyFactory">
        <Width>1</Width>
        <Height>1</Height>
        <Depth>1</Depth>
        <Mass>1</Mass>
        <Model />
      </Factory>
    </MapNode>
    <MapNode>
      <NodePath>pPipe3</NodePath>
      <Factory xsi:type="RigidBodyFactory">
        <Width>1</Width>
        <Height>1</Height>
        <Depth>1</Depth>
        <Mass>1</Mass>
        <Model />
      </Factory>
    </MapNode>
    <MapNode>
      <NodePath>pPipe4</NodePath>
      <Factory xsi:type="RigidBodyFactory">
        <Width>1</Width>
        <Height>1</Height>
        <Depth>1</Depth>
        <Mass>1</Mass>
        <Model />
      </Factory>
    </MapNode>
    <MapNode>
      <NodePath>pPipe5</NodePath>
      <Factory xsi:type="RigidBodyFactory">
        <Width>1</Width>
        <Height>1</Height>
        <Depth>1</Depth>
        <Mass>1</Mass>
        <Model />
      </Factory>
    </MapNode>
    <MapNode>
      <NodePath>pPipe6</NodePath>
      <Factory xsi:type="RigidBodyFactory">
        <Width>1</Width>
        <Height>1</Height>
        <Depth>1</Depth>
        <Mass>1</Mass>
        <Model />
      </Factory>
    </MapNode>
    <MapNode>
      <NodePath>pPipe7</NodePath>
      <Factory xsi:type="RigidBodyFactory">
        <Width>1</Width>
        <Height>1</Height>
        <Depth>1</Depth>
        <Mass>1</Mass>
        <Model />
      </Factory>
    </MapNode>
    <MapNode>
      <NodePath>pPipe8</NodePath>
      <Factory xsi:type="RigidBodyFactory">
        <Width>1</Width>
        <Height>1</Height>
        <Depth>1</Depth>
        <Mass>1</Mass>
        <Model />
      </Factory>
    </MapNode>
    <MapNode>
      <NodePath>pPipe9</NodePath>
      <Factory xsi:type="RigidBodyFactory">
        <Width>1</Width>
        <Height>1</Height>
        <Depth>1</Depth>
        <Mass>1</Mass>
        <Model />
      </Factory>
    </MapNode>
    <MapNode>
      <NodePath>pSphere1</NodePath>
      <Factory xsi:type="RigidBodyFactory">
        <Width>1</Width>
        <Height>1</Height>
        <Depth>1</Depth>
        <Mass>1</Mass>
        <Model />
      </Factory>
    </MapNode>
    <MapNode>
      <NodePath>pSphere2</NodePath>
      <Factory xsi:type="RigidBodyFactory">
        <Width>1</Width>
        <Height>1</Height>
        <Depth>1</Depth>
        <Mass>1</Mass>
        <Model />
      </Factory>
    </MapNode>
    <MapNode>
      <NodePath>pSphere3</NodePath>
      <Factory xsi:type="RigidBodyFactory">
        <Width>1</Width>
        <Height>1</Height>
        <Depth>1</Depth>
        <Mass>1</Mass>
        <Model />
      </Factory>
    </MapNode>
    <MapNode>
      <NodePath>pSphere4</NodePath>
      <Factory xsi:type="RigidBodyFactory">
        <Width>1</Width>
        <Height>1</Height>
        <Depth>1</Depth>
        <Mass>1</Mass>
        <Model />
      </Factory>
    </MapNode>
    <MapNode>
      <NodePath>pSphere5</NodePath>
      <Factory xsi:type="RigidBodyFactory">
        <Width>1</Width>
        <Height>1</Height>
        <Depth>1</Depth>
        <Mass>1</Mass>
        <Model />
      </Factory>
    </MapNode>
    <MapNode>
      <NodePath>pSphere6</NodePath>
      <Factory xsi:type="RigidBodyFactory">
        <Width>1</Width>
        <Height>1</Height>
        <Depth>1</Depth>
        <Mass>1</Mass>
        <Model />
      </Factory>
    </MapNode>
    <MapNode>
      <NodePath>pSphere7</NodePath>
      <Factory xsi:type="RigidBodyFactory">
        <Width>1</Width>
        <Height>1</Height>
        <Depth>1</Depth>
        <Mass>1</Mass>
        <Model />
      </Factory>
    </MapNode>
    <MapNode>
      <NodePath>pSphere8</NodePath>
      <Factory xsi:type="RigidBodyFactory">
        <Width>1</Width>
        <Height>1</Height>
        <Depth>1</Depth>
        <Mass>1</Mass>
        <Model />
      </Factory>
    </MapNode>
    <MapNode>
      <NodePath>pSphere9</NodePath>
      <Factory xsi:type="RigidBodyFactory">
        <Width>1</Width>
        <Height>1</Height>
        <Depth>1</Depth>
        <Mass>1</Mass>
        <Model />
      </Factory>
    </MapNode>
    <MapNode>
      <NodePath>pSphere10</NodePath>
      <Factory xsi:type="RigidBodyFactory">
        <Width>1</Width>
        <Height>1</Height>
        <Depth>1</Depth>
        <Mass>1</Mass>
        <Model />
      </Factory>
    </MapNode>
    <MapNode>
      <NodePath>pSphere11</NodePath>
      <Factory xsi:type="RigidBodyFactory">
        <Width>1</Width>
        <Height>1</Height>
        <Depth>1</Depth>
        <Mass>1</Mass>
        <Model />
      </Factory>
    </MapNode>
    <MapNode>
      <NodePath>pSphere12</NodePath>
      <Factory xsi:type="RigidBodyFactory">
        <Width>1</Width>
        <Height>1</Height>
        <Depth>1</Depth>
        <Mass>1</Mass>
        <Model />
      </Factory>
    </MapNode>
    <MapNode>
      <NodePath>pSphere13</NodePath>
      <Factory xsi:type="RigidBodyFactory">
        <Width>1</Width>
        <Height>1</Height>
        <Depth>1</Depth>
        <Mass>1</Mass>
        <Model />
      </Factory>
    </MapNode>
    <MapNode>
      <NodePath>pSphere14</NodePath>
      <Factory xsi:type="RigidBodyFactory">
        <Width>1</Width>
        <Height>1</Height>
        <Depth>1</Depth>
        <Mass>1</Mass>
        <Model />
      </Factory>
    </MapNode>
    <MapNode>
      <NodePath>pSphere15</NodePath>
      <Factory xsi:type="RigidBodyFactory">
        <Width>1</Width>
        <Height>1</Height>
        <Depth>1</Depth>
        <Mass>1</Mass>
        <Model />
      </Factory>
    </MapNode>
    <MapNode>
      <NodePath>pRocks</NodePath>
      <Factory xsi:type="RigidBodyFactory">
        <Width>1</Width>
        <Height>1</Height>
        <Depth>1</Depth>
        <Mass>1</Mass>
        <Model />
      </Factory>
    </MapNode>
    <MapNode>
      <NodePath>(root)</NodePath>
      <Factory xsi:type="RigidBodyFactory">
        <Width>1</Width>
        <Height>1</Height>
        <Depth>1</Depth>
        <Mass>1</Mass>
        <Model />
      </Factory>
    </MapNode>
    <MapNode>
      <NodePath>entity_startPoint</NodePath>
      <Factory xsi:type="RigidBodyFactory">
        <Width>1</Width>
        <Height>1</Height>
        <Depth>1</Depth>
        <Mass>1</Mass>
        <Model />
      </Factory>
    </MapNode>
    <MapNode>
      <NodePath>entity_camera</NodePath>
      <Factory xsi:type="RigidBodyFactory">
        <Width>1</Width>
        <Height>1</Height>
        <Depth>1</Depth>
        <Mass>1</Mass>
        <Model />
      </Factory>
    </MapNode>
    <MapNode>
      <NodePath>pPlane1</NodePath>
      <Factory xsi:type="RigidBodyFactory">
        <Width>1</Width>
        <Height>1</Height>
        <Depth>1</Depth>
        <Mass>1</Mass>
        <Model />
      </Factory>
    </MapNode>
    <MapNode>
      <NodePath>pCube1</NodePath>
      <Factory xsi:type="RigidBodyFactory">
        <Width>1</Width>
        <Height>1</Height>
        <Depth>1</Depth>
        <Mass>1</Mass>
        <Model />
      </Factory>
    </MapNode>
    <MapNode>
      <NodePath>pCube2</NodePath>
      <Factory xsi:type="RigidBodyFactory">
        <Width>1</Width>
        <Height>1</Height>
        <Depth>1</Depth>
        <Mass>1</Mass>
        <Model />
      </Factory>
    </MapNode>
    <MapNode>
      <NodePath>pCube3</NodePath>
      <Factory xsi:type="RigidBodyFactory">
        <Width>1</Width>
        <Height>1</Height>
        <Depth>1</Depth>
        <Mass>1</Mass>
        <Model />
      </Factory>
    </MapNode>
    <MapNode>
      <NodePath>pCube4</NodePath>
      <Factory xsi:type="RigidBodyFactory">
        <Width>1</Width>
        <Height>1</Height>
        <Depth>1</Depth>
        <Mass>1</Mass>
        <Model />
      </Factory>
    </MapNode>
    <MapNode>
      <NodePath>pCube5</NodePath>
      <Factory xsi:type="RigidBodyFactory">
        <Width>1</Width>
        <Height>1</Height>
        <Depth>1</Depth>
        <Mass>1</Mass>
        <Model />
      </Factory>
    </MapNode>
    <MapNode>
      <NodePath>pCube6</NodePath>
      <Factory xsi:type="RigidBodyFactory">
        <Width>1</Width>
        <Height>1</Height>
        <Depth>1</Depth>
        <Mass>1</Mass>
        <Model />
      </Factory>
    </MapNode>
    <MapNode>
      <NodePath>pCube7</NodePath>
      <Factory xsi:type="RigidBodyFactory">
        <Width>1</Width>
        <Height>1</Height>
        <Depth>1</Depth>
        <Mass>1</Mass>
        <Model />
      </Factory>
    </MapNode>
    <MapNode>
      <NodePath>pCube8</NodePath>
      <Factory xsi:type="RigidBodyFactory">
        <Width>1</Width>
        <Height>1</Height>
        <Depth>1</Depth>
        <Mass>1</Mass>
        <Model />
      </Factory>
    </MapNode>
    <MapNode>
      <NodePath>pCube9</NodePath>
      <Factory xsi:type="RigidBodyFactory">
        <Width>1</Width>
        <Height>1</Height>
        <Depth>1</Depth>
        <Mass>1</Mass>
        <Model />
      </Factory>
    </MapNode>
    <MapNode>
      <NodePath>pCube10</NodePath>
      <Factory xsi:type="RigidBodyFactory">
        <Width>1</Width>
        <Height>1</Height>
        <Depth>1</Depth>
        <Mass>1</Mass>
        <Model />
      </Factory>
    </MapNode>
    <MapNode>
      <NodePath>pCube11</NodePath>
      <Factory xsi:type="RigidBodyFactory">
        <Width>1</Width>
        <Height>1</Height>
        <Depth>1</Depth>
        <Mass>1</Mass>
        <Model />
      </Factory>
    </MapNode>
    <MapNode>
      <NodePath>pCube12</NodePath>
      <Factory xsi:type="RigidBodyFactory">
        <Width>1</Width>
        <Height>1</Height>
        <Depth>1</Depth>
        <Mass>1</Mass>
        <Model />
      </Factory>
    </MapNode>
    <MapNode>
      <NodePath>pCube13</NodePath>
      <Factory xsi:type="RigidBodyFactory">
        <Width>1</Width>
        <Height>1</Height>
        <Depth>1</Depth>
        <Mass>1</Mass>
        <Model />
      </Factory>
    </MapNode>
    <MapNode>
      <NodePath>pCube14</NodePath>
      <Factory xsi:type="RigidBodyFactory">
        <Width>1</Width>
        <Height>1</Height>
        <Depth>1</Depth>
        <Mass>1</Mass>
        <Model />
      </Factory>
    </MapNode>
    <MapNode>
      <NodePath>pCube15</NodePath>
      <Factory xsi:type="RigidBodyFactory">
        <Width>1</Width>
        <Height>1</Height>
        <Depth>1</Depth>
        <Mass>1</Mass>
        <Model />
      </Factory>
    </MapNode>
    <MapNode>
      <NodePath>pCube16</NodePath>
      <Factory xsi:type="RigidBodyFactory">
        <Width>1</Width>
        <Height>1</Height>
        <Depth>1</Depth>
        <Mass>1</Mass>
        <Model />
      </Factory>
    </MapNode>
    <MapNode>
      <NodePath>pCube17</NodePath>
      <Factory xsi:type="RigidBodyFactory">
        <Width>1</Width>
        <Height>1</Height>
        <Depth>1</Depth>
        <Mass>1</Mass>
        <Model />
      </Factory>
    </MapNode>
    <MapNode>
      <NodePath>pCube18</NodePath>
      <Factory xsi:type="RigidBodyFactory">
        <Width>1</Width>
        <Height>1</Height>
        <Depth>1</Depth>
        <Mass>1</Mass>
        <Model />
      </Factory>
    </MapNode>
    <MapNode>
      <NodePath>pCube19</NodePath>
      <Factory xsi:type="RigidBodyFactory">
        <Width>1</Width>
        <Height>1</Height>
        <Depth>1</Depth>
        <Mass>1</Mass>
        <Model />
      </Factory>
    </MapNode>
    <MapNode>
      <NodePath>pCube20</NodePath>
      <Factory xsi:type="RigidBodyFactory">
        <Width>1</Width>
        <Height>1</Height>
        <Depth>1</Depth>
        <Mass>1</Mass>
        <Model />
      </Factory>
    </MapNode>
    <MapNode>
      <NodePath>pCube21</NodePath>
      <Factory xsi:type="RigidBodyFactory">
        <Width>1</Width>
        <Height>1</Height>
        <Depth>1</Depth>
        <Mass>1</Mass>
        <Model />
      </Factory>
    </MapNode>
    <MapNode>
      <NodePath>pCube22</NodePath>
      <Factory xsi:type="RigidBodyFactory">
        <Width>1</Width>
        <Height>1</Height>
        <Depth>1</Depth>
        <Mass>1</Mass>
        <Model />
      </Factory>
    </MapNode>
    <MapNode>
      <NodePath>pCube23</NodePath>
      <Factory xsi:type="RigidBodyFactory">
        <Width>1</Width>
        <Height>1</Height>
        <Depth>1</Depth>
        <Mass>1</Mass>
        <Model />
      </Factory>
    </MapNode>
    <MapNode>
      <NodePath>pCube24</NodePath>
      <Factory xsi:type="RigidBodyFactory">
        <Width>1</Width>
        <Height>1</Height>
        <Depth>1</Depth>
        <Mass>1</Mass>
        <Model />
      </Factory>
    </MapNode>
    <MapNode>
      <NodePath>pCube25</NodePath>
      <Factory xsi:type="RigidBodyFactory">
        <Width>1</Width>
        <Height>1</Height>
        <Depth>1</Depth>
        <Mass>1</Mass>
        <Model />
      </Factory>
    </MapNode>
    <MapNode>
      <NodePath>pCube26</NodePath>
      <Factory xsi:type="RigidBodyFactory">
        <Width>1</Width>
        <Height>1</Height>
        <Depth>1</Depth>
        <Mass>1</Mass>
        <Model />
      </Factory>
    </MapNode>
    <MapNode>
      <NodePath>pCube27</NodePath>
      <Factory xsi:type="RigidBodyFactory">
        <Width>1</Width>
        <Height>1</Height>
        <Depth>1</Depth>
        <Mass>1</Mass>
        <Model />
      </Factory>
    </MapNode>
    <MapNode>
      <NodePath>pCube28</NodePath>
      <Factory xsi:type="RigidBodyFactory">
        <Width>1</Width>
        <Height>1</Height>
        <Depth>1</Depth>
        <Mass>1</Mass>
        <Model />
      </Factory>
    </MapNode>
    <MapNode>
      <NodePath>pCube29</NodePath>
      <Factory xsi:type="RigidBodyFactory">
        <Width>1</Width>
        <Height>1</Height>
        <Depth>1</Depth>
        <Mass>1</Mass>
        <Model />
      </Factory>
    </MapNode>
    <MapNode>
      <NodePath>pCube30</NodePath>
      <Factory xsi:type="RigidBodyFactory">
        <Width>1</Width>
        <Height>1</Height>
        <Depth>1</Depth>
        <Mass>1</Mass>
        <Model />
      </Factory>
    </MapNode>
    <MapNode>
      <NodePath>pCube31</NodePath>
      <Factory xsi:type="RigidBodyFactory">
        <Width>1</Width>
        <Height>1</Height>
        <Depth>1</Depth>
        <Mass>1</Mass>
        <Model />
      </Factory>
    </MapNode>
    <MapNode>
      <NodePath>cubes</NodePath>
      <Factory xsi:type="RigidBodyFactory">
        <Width>1</Width>
        <Height>1</Height>
        <Depth>1</Depth>
        <Mass>1</Mass>
        <Model />
      </Factory>
    </MapNode>
    <MapNode>
      <NodePath>pCube33</NodePath>
      <Factory xsi:type="RigidBodyFactory">
        <Width>1</Width>
        <Height>1</Height>
        <Depth>1</Depth>
        <Mass>1</Mass>
        <Model />
      </Factory>
    </MapNode>
    <MapNode>
      <NodePath>pCube34</NodePath>
      <Factory xsi:type="RigidBodyFactory">
        <Width>1</Width>
        <Height>1</Height>
        <Depth>1</Depth>
        <Mass>1</Mass>
        <Model />
      </Factory>
    </MapNode>
    <MapNode>
      <NodePath>cubes1</NodePath>
      <Factory xsi:type="RigidBodyFactory">
        <Width>1</Width>
        <Height>1</Height>
        <Depth>1</Depth>
        <Mass>1</Mass>
        <Model />
      </Factory>
    </MapNode>
    <MapNode>
      <NodePath>pCube36</NodePath>
      <Factory xsi:type="RigidBodyFactory">
        <Width>1</Width>
        <Height>1</Height>
        <Depth>1</Depth>
        <Mass>1</Mass>
        <Model />
      </Factory>
    </MapNode>
    <MapNode>
      <NodePath>pCube37</NodePath>
      <Factory xsi:type="RigidBodyFactory">
        <Width>1</Width>
        <Height>1</Height>
        <Depth>1</Depth>
        <Mass>1</Mass>
        <Model />
      </Factory>
    </MapNode>
    <MapNode>
      <NodePath>pCube38</NodePath>
      <Factory xsi:type="RigidBodyFactory">
        <Width>1</Width>
        <Height>1</Height>
        <Depth>1</Depth>
        <Mass>1</Mass>
        <Model />
      </Factory>
    </MapNode>
    <MapNode>
      <NodePath>pCube39</NodePath>
      <Factory xsi:type="RigidBodyFactory">
        <Width>1</Width>
        <Height>1</Height>
        <Depth>1</Depth>
        <Mass>1</Mass>
        <Model />
      </Factory>
    </MapNode>
    <MapNode>
      <NodePath>pCube40</NodePath>
      <Factory xsi:type="RigidBodyFactory">
        <Width>1</Width>
        <Height>1</Height>
        <Depth>1</Depth>
        <Mass>1</Mass>
        <Model />
      </Factory>
    </MapNode>
    <MapNode>
      <NodePath>pCube41</NodePath>
      <Factory xsi:type="RigidBodyFactory">
        <Width>1</Width>
        <Height>1</Height>
        <Depth>1</Depth>
        <Mass>1</Mass>
        <Model />
      </Factory>
    </MapNode>
    <MapNode>
      <NodePath>pCube42</NodePath>
      <Factory xsi:type="RigidBodyFactory">
        <Width>1</Width>
        <Height>1</Height>
        <Depth>1</Depth>
        <Mass>1</Mass>
        <Model />
      </Factory>
    </MapNode>
    <MapNode>
      <NodePath>pCube43</NodePath>
      <Factory xsi:type="RigidBodyFactory">
        <Width>1</Width>
        <Height>1</Height>
        <Depth>1</Depth>
        <Mass>1</Mass>
        <Model />
      </Factory>
    </MapNode>
    <MapNode>
      <NodePath>cubes2</NodePath>
      <Factory xsi:type="RigidBodyFactory">
        <Width>1</Width>
        <Height>1</Height>
        <Depth>1</Depth>
        <Mass>1</Mass>
        <Model />
      </Factory>
    </MapNode>
    <MapNode>
      <NodePath>pCube45</NodePath>
      <Factory xsi:type="RigidBodyFactory">
        <Width>1</Width>
        <Height>1</Height>
        <Depth>1</Depth>
        <Mass>1</Mass>
        <Model />
      </Factory>
    </MapNode>
    <MapNode>
      <NodePath>pCube46</NodePath>
      <Factory xsi:type="RigidBodyFactory">
        <Width>1</Width>
        <Height>1</Height>
        <Depth>1</Depth>
        <Mass>1</Mass>
        <Model />
      </Factory>
    </MapNode>
    <MapNode>
      <NodePath>cubes3</NodePath>
      <Factory xsi:type="RigidBodyFactory">
        <Width>1</Width>
        <Height>1</Height>
        <Depth>1</Depth>
        <Mass>1</Mass>
        <Model />
      </Factory>
    </MapNode>
    <MapNode>
      <NodePath>pCube48</NodePath>
      <Factory xsi:type="RigidBodyFactory">
        <Width>1</Width>
        <Height>1</Height>
        <Depth>1</Depth>
        <Mass>1</Mass>
        <Model />
      </Factory>
    </MapNode>
    <MapNode>
      <NodePath>pPipe1</NodePath>
      <Factory xsi:type="RigidBodyFactory">
        <Width>1</Width>
        <Height>1</Height>
        <Depth>1</Depth>
        <Mass>1</Mass>
        <Model />
      </Factory>
    </MapNode>
    <MapNode>
      <NodePath>pPipe2</NodePath>
      <Factory xsi:type="RigidBodyFactory">
        <Width>1</Width>
        <Height>1</Height>
        <Depth>1</Depth>
        <Mass>1</Mass>
        <Model />
      </Factory>
    </MapNode>
    <MapNode>
      <NodePath>pPipe3</NodePath>
      <Factory xsi:type="RigidBodyFactory">
        <Width>1</Width>
        <Height>1</Height>
        <Depth>1</Depth>
        <Mass>1</Mass>
        <Model />
      </Factory>
    </MapNode>
    <MapNode>
      <NodePath>pPipe4</NodePath>
      <Factory xsi:type="RigidBodyFactory">
        <Width>1</Width>
        <Height>1</Height>
        <Depth>1</Depth>
        <Mass>1</Mass>
        <Model />
      </Factory>
    </MapNode>
    <MapNode>
      <NodePath>pPipe5</NodePath>
      <Factory xsi:type="RigidBodyFactory">
        <Width>1</Width>
        <Height>1</Height>
        <Depth>1</Depth>
        <Mass>1</Mass>
        <Model />
      </Factory>
    </MapNode>
    <MapNode>
      <NodePath>pPipe6</NodePath>
      <Factory xsi:type="RigidBodyFactory">
        <Width>1</Width>
        <Height>1</Height>
        <Depth>1</Depth>
        <Mass>1</Mass>
        <Model />
      </Factory>
    </MapNode>
    <MapNode>
      <NodePath>pPipe7</NodePath>
      <Factory xsi:type="RigidBodyFactory">
        <Width>1</Width>
        <Height>1</Height>
        <Depth>1</Depth>
        <Mass>1</Mass>
        <Model />
      </Factory>
    </MapNode>
    <MapNode>
      <NodePath>pPipe8</NodePath>
      <Factory xsi:type="RigidBodyFactory">
        <Width>1</Width>
        <Height>1</Height>
        <Depth>1</Depth>
        <Mass>1</Mass>
        <Model />
      </Factory>
    </MapNode>
    <MapNode>
      <NodePath>pPipe9</NodePath>
      <Factory xsi:type="RigidBodyFactory">
        <Width>1</Width>
        <Height>1</Height>
        <Depth>1</Depth>
        <Mass>1</Mass>
        <Model />
      </Factory>
    </MapNode>
    <MapNode>
      <NodePath>pSphere1</NodePath>
      <Factory xsi:type="RigidBodyFactory">
        <Width>1</Width>
        <Height>1</Height>
        <Depth>1</Depth>
        <Mass>1</Mass>
        <Model />
      </Factory>
    </MapNode>
    <MapNode>
      <NodePath>pSphere2</NodePath>
      <Factory xsi:type="RigidBodyFactory">
        <Width>1</Width>
        <Height>1</Height>
        <Depth>1</Depth>
        <Mass>1</Mass>
        <Model />
      </Factory>
    </MapNode>
    <MapNode>
      <NodePath>pSphere3</NodePath>
      <Factory xsi:type="RigidBodyFactory">
        <Width>1</Width>
        <Height>1</Height>
        <Depth>1</Depth>
        <Mass>1</Mass>
        <Model />
      </Factory>
    </MapNode>
    <MapNode>
      <NodePath>pSphere4</NodePath>
      <Factory xsi:type="RigidBodyFactory">
        <Width>1</Width>
        <Height>1</Height>
        <Depth>1</Depth>
        <Mass>1</Mass>
        <Model />
      </Factory>
    </MapNode>
    <MapNode>
      <NodePath>pSphere5</NodePath>
      <Factory xsi:type="RigidBodyFactory">
        <Width>1</Width>
        <Height>1</Height>
        <Depth>1</Depth>
        <Mass>1</Mass>
        <Model />
      </Factory>
    </MapNode>
    <MapNode>
      <NodePath>pSphere6</NodePath>
      <Factory xsi:type="RigidBodyFactory">
        <Width>1</Width>
        <Height>1</Height>
        <Depth>1</Depth>
        <Mass>1</Mass>
        <Model />
      </Factory>
    </MapNode>
    <MapNode>
      <NodePath>pSphere7</NodePath>
      <Factory xsi:type="RigidBodyFactory">
        <Width>1</Width>
        <Height>1</Height>
        <Depth>1</Depth>
        <Mass>1</Mass>
        <Model />
      </Factory>
    </MapNode>
    <MapNode>
      <NodePath>pSphere8</NodePath>
      <Factory xsi:type="RigidBodyFactory">
        <Width>1</Width>
        <Height>1</Height>
        <Depth>1</Depth>
        <Mass>1</Mass>
        <Model />
      </Factory>
    </MapNode>
    <MapNode>
      <NodePath>pSphere9</NodePath>
      <Factory xsi:type="RigidBodyFactory">
        <Width>1</Width>
        <Height>1</Height>
        <Depth>1</Depth>
        <Mass>1</Mass>
        <Model />
      </Factory>
    </MapNode>
    <MapNode>
      <NodePath>pSphere10</NodePath>
      <Factory xsi:type="RigidBodyFactory">
        <Width>1</Width>
        <Height>1</Height>
        <Depth>1</Depth>
        <Mass>1</Mass>
        <Model />
      </Factory>
    </MapNode>
    <MapNode>
      <NodePath>pSphere11</NodePath>
      <Factory xsi:type="RigidBodyFactory">
        <Width>1</Width>
        <Height>1</Height>
        <Depth>1</Depth>
        <Mass>1</Mass>
        <Model />
      </Factory>
    </MapNode>
    <MapNode>
      <NodePath>pSphere12</NodePath>
      <Factory xsi:type="RigidBodyFactory">
        <Width>1</Width>
        <Height>1</Height>
        <Depth>1</Depth>
        <Mass>1</Mass>
        <Model />
      </Factory>
    </MapNode>
    <MapNode>
      <NodePath>pSphere13</NodePath>
      <Factory xsi:type="RigidBodyFactory">
        <Width>1</Width>
        <Height>1</Height>
        <Depth>1</Depth>
        <Mass>1</Mass>
        <Model />
      </Factory>
    </MapNode>
    <MapNode>
      <NodePath>pSphere14</NodePath>
      <Factory xsi:type="RigidBodyFactory">
        <Width>1</Width>
        <Height>1</Height>
        <Depth>1</Depth>
        <Mass>1</Mass>
        <Model />
      </Factory>
    </MapNode>
    <MapNode>
      <NodePath>pSphere15</NodePath>
      <Factory xsi:type="RigidBodyFactory">
        <Width>1</Width>
        <Height>1</Height>
        <Depth>1</Depth>
        <Mass>1</Mass>
        <Model />
      </Factory>
    </MapNode>
    <MapNode>
      <NodePath>pRocks</NodePath>
      <Factory xsi:type="RigidBodyFactory">
        <Width>1</Width>
        <Height>1</Height>
        <Depth>1</Depth>
        <Mass>1</Mass>
        <Model />
      </Factory>
    </MapNode>
    <MapNode>
      <NodePath>(root)</NodePath>
      <Factory xsi:type="RigidBodyFactory">
        <Width>1</Width>
        <Height>1</Height>
        <Depth>1</Depth>
        <Mass>1</Mass>
        <Model />
      </Factory>
    </MapNode>
    <MapNode>
      <NodePath>entity_startPoint</NodePath>
      <Factory xsi:type="RigidBodyFactory">
        <Width>1</Width>
        <Height>1</Height>
        <Depth>1</Depth>
        <Mass>1</Mass>
        <Model />
      </Factory>
    </MapNode>
    <MapNode>
      <NodePath>entity_camera</NodePath>
      <Factory xsi:type="RigidBodyFactory">
        <Width>1</Width>
        <Height>1</Height>
        <Depth>1</Depth>
        <Mass>1</Mass>
        <Model />
      </Factory>
    </MapNode>
    <MapNode>
      <NodePath>pPlane1</NodePath>
      <Factory xsi:type="RigidBodyFactory">
        <Width>1</Width>
        <Height>1</Height>
        <Depth>1</Depth>
        <Mass>1</Mass>
        <Model />
      </Factory>
    </MapNode>
    <MapNode>
      <NodePath>pCube1</NodePath>
      <Factory xsi:type="RigidBodyFactory">
        <Width>1</Width>
        <Height>1</Height>
        <Depth>1</Depth>
        <Mass>1</Mass>
        <Model />
      </Factory>
    </MapNode>
    <MapNode>
      <NodePath>pCube2</NodePath>
      <Factory xsi:type="RigidBodyFactory">
        <Width>1</Width>
        <Height>1</Height>
        <Depth>1</Depth>
        <Mass>1</Mass>
        <Model />
      </Factory>
    </MapNode>
    <MapNode>
      <NodePath>pCube3</NodePath>
      <Factory xsi:type="RigidBodyFactory">
        <Width>1</Width>
        <Height>1</Height>
        <Depth>1</Depth>
        <Mass>1</Mass>
        <Model />
      </Factory>
    </MapNode>
    <MapNode>
      <NodePath>pCube4</NodePath>
      <Factory xsi:type="RigidBodyFactory">
        <Width>1</Width>
        <Height>1</Height>
        <Depth>1</Depth>
        <Mass>1</Mass>
        <Model />
      </Factory>
    </MapNode>
    <MapNode>
      <NodePath>pCube5</NodePath>
      <Factory xsi:type="RigidBodyFactory">
        <Width>1</Width>
        <Height>1</Height>
        <Depth>1</Depth>
        <Mass>1</Mass>
        <Model />
      </Factory>
    </MapNode>
    <MapNode>
      <NodePath>pCube6</NodePath>
      <Factory xsi:type="RigidBodyFactory">
        <Width>1</Width>
        <Height>1</Height>
        <Depth>1</Depth>
        <Mass>1</Mass>
        <Model />
      </Factory>
    </MapNode>
    <MapNode>
      <NodePath>pCube7</NodePath>
      <Factory xsi:type="RigidBodyFactory">
        <Width>1</Width>
        <Height>1</Height>
        <Depth>1</Depth>
        <Mass>1</Mass>
        <Model />
      </Factory>
    </MapNode>
    <MapNode>
      <NodePath>pCube8</NodePath>
      <Factory xsi:type="RigidBodyFactory">
        <Width>1</Width>
        <Height>1</Height>
        <Depth>1</Depth>
        <Mass>1</Mass>
        <Model />
      </Factory>
    </MapNode>
    <MapNode>
      <NodePath>pCube9</NodePath>
      <Factory xsi:type="RigidBodyFactory">
        <Width>1</Width>
        <Height>1</Height>
        <Depth>1</Depth>
        <Mass>1</Mass>
        <Model />
      </Factory>
    </MapNode>
    <MapNode>
      <NodePath>pCube10</NodePath>
      <Factory xsi:type="RigidBodyFactory">
        <Width>1</Width>
        <Height>1</Height>
        <Depth>1</Depth>
        <Mass>1</Mass>
        <Model />
      </Factory>
    </MapNode>
    <MapNode>
      <NodePath>pCube11</NodePath>
      <Factory xsi:type="RigidBodyFactory">
        <Width>1</Width>
        <Height>1</Height>
        <Depth>1</Depth>
        <Mass>1</Mass>
        <Model />
      </Factory>
    </MapNode>
    <MapNode>
      <NodePath>pCube12</NodePath>
      <Factory xsi:type="RigidBodyFactory">
        <Width>1</Width>
        <Height>1</Height>
        <Depth>1</Depth>
        <Mass>1</Mass>
        <Model />
      </Factory>
    </MapNode>
    <MapNode>
      <NodePath>pCube13</NodePath>
      <Factory xsi:type="RigidBodyFactory">
        <Width>1</Width>
        <Height>1</Height>
        <Depth>1</Depth>
        <Mass>1</Mass>
        <Model />
      </Factory>
    </MapNode>
    <MapNode>
      <NodePath>pCube14</NodePath>
      <Factory xsi:type="RigidBodyFactory">
        <Width>1</Width>
        <Height>1</Height>
        <Depth>1</Depth>
        <Mass>1</Mass>
        <Model />
      </Factory>
    </MapNode>
    <MapNode>
      <NodePath>pCube15</NodePath>
      <Factory xsi:type="RigidBodyFactory">
        <Width>1</Width>
        <Height>1</Height>
        <Depth>1</Depth>
        <Mass>1</Mass>
        <Model />
      </Factory>
    </MapNode>
    <MapNode>
      <NodePath>pCube16</NodePath>
      <Factory xsi:type="RigidBodyFactory">
        <Width>1</Width>
        <Height>1</Height>
        <Depth>1</Depth>
        <Mass>1</Mass>
        <Model />
      </Factory>
    </MapNode>
    <MapNode>
      <NodePath>pCube17</NodePath>
      <Factory xsi:type="RigidBodyFactory">
        <Width>1</Width>
        <Height>1</Height>
        <Depth>1</Depth>
        <Mass>1</Mass>
        <Model />
      </Factory>
    </MapNode>
    <MapNode>
      <NodePath>pCube18</NodePath>
      <Factory xsi:type="RigidBodyFactory">
        <Width>1</Width>
        <Height>1</Height>
        <Depth>1</Depth>
        <Mass>1</Mass>
        <Model />
      </Factory>
    </MapNode>
    <MapNode>
      <NodePath>pCube19</NodePath>
      <Factory xsi:type="RigidBodyFactory">
        <Width>1</Width>
        <Height>1</Height>
        <Depth>1</Depth>
        <Mass>1</Mass>
        <Model />
      </Factory>
    </MapNode>
    <MapNode>
      <NodePath>pCube20</NodePath>
      <Factory xsi:type="RigidBodyFactory">
        <Width>1</Width>
        <Height>1</Height>
        <Depth>1</Depth>
        <Mass>1</Mass>
        <Model />
      </Factory>
    </MapNode>
    <MapNode>
      <NodePath>pCube21</NodePath>
      <Factory xsi:type="RigidBodyFactory">
        <Width>1</Width>
        <Height>1</Height>
        <Depth>1</Depth>
        <Mass>1</Mass>
        <Model />
      </Factory>
    </MapNode>
    <MapNode>
      <NodePath>pCube22</NodePath>
      <Factory xsi:type="RigidBodyFactory">
        <Width>1</Width>
        <Height>1</Height>
        <Depth>1</Depth>
        <Mass>1</Mass>
        <Model />
      </Factory>
    </MapNode>
    <MapNode>
      <NodePath>pCube23</NodePath>
      <Factory xsi:type="RigidBodyFactory">
        <Width>1</Width>
        <Height>1</Height>
        <Depth>1</Depth>
        <Mass>1</Mass>
        <Model />
      </Factory>
    </MapNode>
    <MapNode>
      <NodePath>pCube24</NodePath>
      <Factory xsi:type="RigidBodyFactory">
        <Width>1</Width>
        <Height>1</Height>
        <Depth>1</Depth>
        <Mass>1</Mass>
        <Model />
      </Factory>
    </MapNode>
    <MapNode>
      <NodePath>pCube25</NodePath>
      <Factory xsi:type="RigidBodyFactory">
        <Width>1</Width>
        <Height>1</Height>
        <Depth>1</Depth>
        <Mass>1</Mass>
        <Model />
      </Factory>
    </MapNode>
    <MapNode>
      <NodePath>pCube26</NodePath>
      <Factory xsi:type="RigidBodyFactory">
        <Width>1</Width>
        <Height>1</Height>
        <Depth>1</Depth>
        <Mass>1</Mass>
        <Model />
      </Factory>
    </MapNode>
    <MapNode>
      <NodePath>pCube27</NodePath>
      <Factory xsi:type="RigidBodyFactory">
        <Width>1</Width>
        <Height>1</Height>
        <Depth>1</Depth>
        <Mass>1</Mass>
        <Model />
      </Factory>
    </MapNode>
    <MapNode>
      <NodePath>pCube28</NodePath>
      <Factory xsi:type="RigidBodyFactory">
        <Width>1</Width>
        <Height>1</Height>
        <Depth>1</Depth>
        <Mass>1</Mass>
        <Model />
      </Factory>
    </MapNode>
    <MapNode>
      <NodePath>pCube29</NodePath>
      <Factory xsi:type="RigidBodyFactory">
        <Width>1</Width>
        <Height>1</Height>
        <Depth>1</Depth>
        <Mass>1</Mass>
        <Model />
      </Factory>
    </MapNode>
    <MapNode>
      <NodePath>pCube30</NodePath>
      <Factory xsi:type="RigidBodyFactory">
        <Width>1</Width>
        <Height>1</Height>
        <Depth>1</Depth>
        <Mass>1</Mass>
        <Model />
      </Factory>
    </MapNode>
    <MapNode>
      <NodePath>pCube31</NodePath>
      <Factory xsi:type="RigidBodyFactory">
        <Width>1</Width>
        <Height>1</Height>
        <Depth>1</Depth>
        <Mass>1</Mass>
        <Model />
      </Factory>
    </MapNode>
    <MapNode>
      <NodePath>cubes</NodePath>
      <Factory xsi:type="RigidBodyFactory">
        <Width>1</Width>
        <Height>1</Height>
        <Depth>1</Depth>
        <Mass>1</Mass>
        <Model />
      </Factory>
    </MapNode>
    <MapNode>
      <NodePath>pCube33</NodePath>
      <Factory xsi:type="RigidBodyFactory">
        <Width>1</Width>
        <Height>1</Height>
        <Depth>1</Depth>
        <Mass>1</Mass>
        <Model />
      </Factory>
    </MapNode>
    <MapNode>
      <NodePath>pCube34</NodePath>
      <Factory xsi:type="RigidBodyFactory">
        <Width>1</Width>
        <Height>1</Height>
        <Depth>1</Depth>
        <Mass>1</Mass>
        <Model />
      </Factory>
    </MapNode>
    <MapNode>
      <NodePath>cubes1</NodePath>
      <Factory xsi:type="RigidBodyFactory">
        <Width>1</Width>
        <Height>1</Height>
        <Depth>1</Depth>
        <Mass>1</Mass>
        <Model />
      </Factory>
    </MapNode>
    <MapNode>
      <NodePath>pCube36</NodePath>
      <Factory xsi:type="RigidBodyFactory">
        <Width>1</Width>
        <Height>1</Height>
        <Depth>1</Depth>
        <Mass>1</Mass>
        <Model />
      </Factory>
    </MapNode>
    <MapNode>
      <NodePath>pCube37</NodePath>
      <Factory xsi:type="RigidBodyFactory">
        <Width>1</Width>
        <Height>1</Height>
        <Depth>1</Depth>
        <Mass>1</Mass>
        <Model />
      </Factory>
    </MapNode>
    <MapNode>
      <NodePath>pCube38</NodePath>
      <Factory xsi:type="RigidBodyFactory">
        <Width>1</Width>
        <Height>1</Height>
        <Depth>1</Depth>
        <Mass>1</Mass>
        <Model />
      </Factory>
    </MapNode>
    <MapNode>
      <NodePath>pCube39</NodePath>
      <Factory xsi:type="RigidBodyFactory">
        <Width>1</Width>
        <Height>1</Height>
        <Depth>1</Depth>
        <Mass>1</Mass>
        <Model />
      </Factory>
    </MapNode>
    <MapNode>
      <NodePath>pCube40</NodePath>
      <Factory xsi:type="RigidBodyFactory">
        <Width>1</Width>
        <Height>1</Height>
        <Depth>1</Depth>
        <Mass>1</Mass>
        <Model />
      </Factory>
    </MapNode>
    <MapNode>
      <NodePath>pCube41</NodePath>
      <Factory xsi:type="RigidBodyFactory">
        <Width>1</Width>
        <Height>1</Height>
        <Depth>1</Depth>
        <Mass>1</Mass>
        <Model />
      </Factory>
    </MapNode>
    <MapNode>
      <NodePath>pCube42</NodePath>
      <Factory xsi:type="RigidBodyFactory">
        <Width>1</Width>
        <Height>1</Height>
        <Depth>1</Depth>
        <Mass>1</Mass>
        <Model />
      </Factory>
    </MapNode>
    <MapNode>
      <NodePath>pCube43</NodePath>
      <Factory xsi:type="RigidBodyFactory">
        <Width>1</Width>
        <Height>1</Height>
        <Depth>1</Depth>
        <Mass>1</Mass>
        <Model />
      </Factory>
    </MapNode>
    <MapNode>
      <NodePath>cubes2</NodePath>
      <Factory xsi:type="RigidBodyFactory">
        <Width>1</Width>
        <Height>1</Height>
        <Depth>1</Depth>
        <Mass>1</Mass>
        <Model />
      </Factory>
    </MapNode>
    <MapNode>
      <NodePath>pCube45</NodePath>
      <Factory xsi:type="RigidBodyFactory">
        <Width>1</Width>
        <Height>1</Height>
        <Depth>1</Depth>
        <Mass>1</Mass>
        <Model />
      </Factory>
    </MapNode>
    <MapNode>
      <NodePath>pCube46</NodePath>
      <Factory xsi:type="RigidBodyFactory">
        <Width>1</Width>
        <Height>1</Height>
        <Depth>1</Depth>
        <Mass>1</Mass>
        <Model />
      </Factory>
    </MapNode>
    <MapNode>
      <NodePath>cubes3</NodePath>
      <Factory xsi:type="RigidBodyFactory">
        <Width>1</Width>
        <Height>1</Height>
        <Depth>1</Depth>
        <Mass>1</Mass>
        <Model />
      </Factory>
    </MapNode>
    <MapNode>
      <NodePath>pCube48</NodePath>
      <Factory xsi:type="RigidBodyFactory">
        <Width>1</Width>
        <Height>1</Height>
        <Depth>1</Depth>
        <Mass>1</Mass>
        <Model />
      </Factory>
    </MapNode>
    <MapNode>
      <NodePath>pPipe1</NodePath>
      <Factory xsi:type="RigidBodyFactory">
        <Width>1</Width>
        <Height>1</Height>
        <Depth>1</Depth>
        <Mass>1</Mass>
        <Model />
      </Factory>
    </MapNode>
    <MapNode>
      <NodePath>pPipe2</NodePath>
      <Factory xsi:type="RigidBodyFactory">
        <Width>1</Width>
        <Height>1</Height>
        <Depth>1</Depth>
        <Mass>1</Mass>
        <Model />
      </Factory>
    </MapNode>
    <MapNode>
      <NodePath>pPipe3</NodePath>
      <Factory xsi:type="RigidBodyFactory">
        <Width>1</Width>
        <Height>1</Height>
        <Depth>1</Depth>
        <Mass>1</Mass>
        <Model />
      </Factory>
    </MapNode>
    <MapNode>
      <NodePath>pPipe4</NodePath>
      <Factory xsi:type="RigidBodyFactory">
        <Width>1</Width>
        <Height>1</Height>
        <Depth>1</Depth>
        <Mass>1</Mass>
        <Model />
      </Factory>
    </MapNode>
    <MapNode>
      <NodePath>pPipe5</NodePath>
      <Factory xsi:type="RigidBodyFactory">
        <Width>1</Width>
        <Height>1</Height>
        <Depth>1</Depth>
        <Mass>1</Mass>
        <Model />
      </Factory>
    </MapNode>
    <MapNode>
      <NodePath>pPipe6</NodePath>
      <Factory xsi:type="RigidBodyFactory">
        <Width>1</Width>
        <Height>1</Height>
        <Depth>1</Depth>
        <Mass>1</Mass>
        <Model />
      </Factory>
    </MapNode>
    <MapNode>
      <NodePath>pPipe7</NodePath>
      <Factory xsi:type="RigidBodyFactory">
        <Width>1</Width>
        <Height>1</Height>
        <Depth>1</Depth>
        <Mass>1</Mass>
        <Model />
      </Factory>
    </MapNode>
    <MapNode>
      <NodePath>pPipe8</NodePath>
      <Factory xsi:type="RigidBodyFactory">
        <Width>1</Width>
        <Height>1</Height>
        <Depth>1</Depth>
        <Mass>1</Mass>
        <Model />
      </Factory>
    </MapNode>
    <MapNode>
      <NodePath>pPipe9</NodePath>
      <Factory xsi:type="RigidBodyFactory">
        <Width>1</Width>
        <Height>1</Height>
        <Depth>1</Depth>
        <Mass>1</Mass>
        <Model />
      </Factory>
    </MapNode>
    <MapNode>
      <NodePath>pSphere1</NodePath>
      <Factory xsi:type="RigidBodyFactory">
        <Width>1</Width>
        <Height>1</Height>
        <Depth>1</Depth>
        <Mass>1</Mass>
        <Model />
      </Factory>
    </MapNode>
    <MapNode>
      <NodePath>pSphere2</NodePath>
      <Factory xsi:type="RigidBodyFactory">
        <Width>1</Width>
        <Height>1</Height>
        <Depth>1</Depth>
        <Mass>1</Mass>
        <Model />
      </Factory>
    </MapNode>
    <MapNode>
      <NodePath>pSphere3</NodePath>
      <Factory xsi:type="RigidBodyFactory">
        <Width>1</Width>
        <Height>1</Height>
        <Depth>1</Depth>
        <Mass>1</Mass>
        <Model />
      </Factory>
    </MapNode>
    <MapNode>
      <NodePath>pSphere4</NodePath>
      <Factory xsi:type="RigidBodyFactory">
        <Width>1</Width>
        <Height>1</Height>
        <Depth>1</Depth>
        <Mass>1</Mass>
        <Model />
      </Factory>
    </MapNode>
    <MapNode>
      <NodePath>pSphere5</NodePath>
      <Factory xsi:type="RigidBodyFactory">
        <Width>1</Width>
        <Height>1</Height>
        <Depth>1</Depth>
        <Mass>1</Mass>
        <Model />
      </Factory>
    </MapNode>
    <MapNode>
      <NodePath>pSphere6</NodePath>
      <Factory xsi:type="RigidBodyFactory">
        <Width>1</Width>
        <Height>1</Height>
        <Depth>1</Depth>
        <Mass>1</Mass>
        <Model />
      </Factory>
    </MapNode>
    <MapNode>
      <NodePath>pSphere7</NodePath>
      <Factory xsi:type="RigidBodyFactory">
        <Width>1</Width>
        <Height>1</Height>
        <Depth>1</Depth>
        <Mass>1</Mass>
        <Model />
      </Factory>
    </MapNode>
    <MapNode>
      <NodePath>pSphere8</NodePath>
      <Factory xsi:type="RigidBodyFactory">
        <Width>1</Width>
        <Height>1</Height>
        <Depth>1</Depth>
        <Mass>1</Mass>
        <Model />
      </Factory>
    </MapNode>
    <MapNode>
      <NodePath>pSphere9</NodePath>
      <Factory xsi:type="RigidBodyFactory">
        <Width>1</Width>
        <Height>1</Height>
        <Depth>1</Depth>
        <Mass>1</Mass>
        <Model />
      </Factory>
    </MapNode>
    <MapNode>
      <NodePath>pSphere10</NodePath>
      <Factory xsi:type="RigidBodyFactory">
        <Width>1</Width>
        <Height>1</Height>
        <Depth>1</Depth>
        <Mass>1</Mass>
        <Model />
      </Factory>
    </MapNode>
    <MapNode>
      <NodePath>pSphere11</NodePath>
      <Factory xsi:type="RigidBodyFactory">
        <Width>1</Width>
        <Height>1</Height>
        <Depth>1</Depth>
        <Mass>1</Mass>
        <Model />
      </Factory>
    </MapNode>
    <MapNode>
      <NodePath>pSphere12</NodePath>
      <Factory xsi:type="RigidBodyFactory">
        <Width>1</Width>
        <Height>1</Height>
        <Depth>1</Depth>
        <Mass>1</Mass>
        <Model />
      </Factory>
    </MapNode>
    <MapNode>
      <NodePath>pSphere13</NodePath>
      <Factory xsi:type="RigidBodyFactory">
        <Width>1</Width>
        <Height>1</Height>
        <Depth>1</Depth>
        <Mass>1</Mass>
        <Model />
      </Factory>
    </MapNode>
    <MapNode>
      <NodePath>pSphere14</NodePath>
      <Factory xsi:type="RigidBodyFactory">
        <Width>1</Width>
        <Height>1</Height>
        <Depth>1</Depth>
        <Mass>1</Mass>
        <Model />
      </Factory>
    </MapNode>
    <MapNode>
      <NodePath>pSphere15</NodePath>
      <Factory xsi:type="RigidBodyFactory">
        <Width>1</Width>
        <Height>1</Height>
        <Depth>1</Depth>
        <Mass>1</Mass>
        <Model />
      </Factory>
    </MapNode>
    <MapNode>
      <NodePath>pRocks</NodePath>
      <Factory xsi:type="RigidBodyFactory">
        <Width>1</Width>
        <Height>1</Height>
        <Depth>1</Depth>
        <Mass>1</Mass>
        <Model />
      </Factory>
    </MapNode>
  </Nodes>
</Map>